

================================================================
== Vivado HLS Report for 'dense_latency_0_0_0_0_0_0_0_0_0_0_0_0_0_0_0_0_0_0_0_0_0_0_0_0_0_0_0_0_0_0_0_0_0_1'
================================================================
* Date:           Tue Apr 23 23:43:23 2024

* Version:        2018.2 (Build 2258646 on Thu Jun 14 20:25:20 MDT 2018)
* Project:        myproject_prj
* Solution:       solution1
* Product family: artix7
* Target device:  xc7a200tfbg676-2


================================================================
== Performance Estimates
================================================================
+ Timing (ns): 
    * Summary: 
    +--------+-------+----------+------------+
    |  Clock | Target| Estimated| Uncertainty|
    +--------+-------+----------+------------+
    |ap_clk  |  10.00|     7.392|        1.25|
    +--------+-------+----------+------------+

+ Latency (clock cycles): 
    * Summary: 
    +--------+--------+--------+--------+---------+
    |     Latency     |     Interval    | Pipeline|
    |   min  |   max  |   min  |   max  |   Type  |
    +--------+--------+--------+--------+---------+
    |  396324|  396324|  396324|  396324|   none  |
    +--------+--------+--------+--------+---------+

    + Detail: 
        * Instance: 
        N/A

        * Loop: 
        +--------------+--------+--------+----------+-----------+-----------+------+----------+
        |              |     Latency     | Iteration|  Initiation Interval  | Trip |          |
        |   Loop Name  |   min  |   max  |  Latency |  achieved |   target  | Count| Pipelined|
        +--------------+--------+--------+----------+-----------+-----------+------+----------+
        |- Product1    |  237552|  237552|       303|          -|          -|   784|    no    |
        | + Product2   |     300|     300|         3|          -|          -|   100|    no    |
        |- ResetAccum  |     200|     200|         2|          -|          -|   100|    no    |
        |- Accum1      |  158368|  158368|       202|          -|          -|   784|    no    |
        | + Accum2     |     200|     200|         2|          -|          -|   100|    no    |
        |- Result      |     200|     200|         2|          -|          -|   100|    no    |
        +--------------+--------+--------+----------+-----------+-----------+------+----------+



================================================================
== Utilization Estimates
================================================================
* Summary: 
+-----------------+---------+-------+--------+--------+
|       Name      | BRAM_18K| DSP48E|   FF   |   LUT  |
+-----------------+---------+-------+--------+--------+
|DSP              |        -|      -|       -|       -|
|Expression       |        -|      1|       0|   12962|
|FIFO             |        -|      -|       -|       -|
|Instance         |        -|      -|       0|     141|
|Memory           |      216|      -|       0|       0|
|Multiplexer      |        -|      -|       -|    1046|
|Register         |        -|      -|   17593|       -|
+-----------------+---------+-------+--------+--------+
|Total            |      216|      1|   17593|   14149|
+-----------------+---------+-------+--------+--------+
|Available        |      730|    740|  269200|  129000|
+-----------------+---------+-------+--------+--------+
|Utilization (%)  |       29|   ~0  |       6|      10|
+-----------------+---------+-------+--------+--------+

+ Detail: 
    * Instance: 
    +------------------------------+---------------------------+---------+-------+---+----+
    |           Instance           |           Module          | BRAM_18K| DSP48E| FF| LUT|
    +------------------------------+---------------------------+---------+-------+---+----+
    |myproject_mux_1007_16_1_1_U1  |myproject_mux_1007_16_1_1  |        0|      0|  0|  47|
    |myproject_mux_1007_16_1_1_U2  |myproject_mux_1007_16_1_1  |        0|      0|  0|  47|
    |myproject_mux_1007_16_1_1_U3  |myproject_mux_1007_16_1_1  |        0|      0|  0|  47|
    +------------------------------+---------------------------+---------+-------+---+----+
    |Total                         |                           |        0|      0|  0| 141|
    +------------------------------+---------------------------+---------+-------+---+----+

    * DSP48: 
    N/A

    * Memory: 
    +----------+----------------------------------------------------------------------------------+---------+---+----+-------+-----+------+-------------+
    |  Memory  |                                      Module                                      | BRAM_18K| FF| LUT| Words | Bits| Banks| W*Bits*Banks|
    +----------+----------------------------------------------------------------------------------+---------+---+----+-------+-----+------+-------------+
    |w2_V_U    |dense_latency_0_0_0_0_0_0_0_0_0_0_0_0_0_0_0_0_0_0_0_0_0_0_0_0_0_0_0_0_0_0_0_0bkb  |       88|  0|   0|  78400|   11|     1|       862400|
    |mult_V_U  |dense_latency_0_0_0_0_0_0_0_0_0_0_0_0_0_0_0_0_0_0_0_0_0_0_0_0_0_0_0_0_0_0_0_0cud  |      128|  0|   0|  78400|   16|     1|      1254400|
    +----------+----------------------------------------------------------------------------------+---------+---+----+-------+-----+------+-------------+
    |Total     |                                                                                  |      216|  0|   0| 156800|   27|     2|      2116800|
    +----------+----------------------------------------------------------------------------------+---------+---+----+-------+-----+------+-------------+

    * FIFO: 
    N/A

    * Expression: 
    +------------------------+----------+-------+---+------+------------+------------+
    |      Variable Name     | Operation| DSP48E| FF|  LUT | Bitwidth P0| Bitwidth P1|
    +------------------------+----------+-------+---+------+------------+------------+
    |p_Val2_s_fu_26614_p2    |     *    |      1|  0|     6|          16|          11|
    |acc_0_V_2_fu_317617_p2  |     +    |      0|  0|    23|          16|          16|
    |iacc_2_fu_316154_p2     |     +    |      0|  0|    15|           7|           1|
    |ii_3_fu_315692_p2       |     +    |      0|  0|    17|          10|           1|
    |ii_4_fu_317378_p2       |     +    |      0|  0|    17|          10|           1|
    |index_2_fu_317400_p2    |     +    |      0|  0|    24|          17|          17|
    |index_fu_315822_p2      |     +    |      0|  0|    24|          17|          17|
    |ires_2_fu_318129_p2     |     +    |      0|  0|    15|           7|           1|
    |jj_3_fu_315816_p2       |     +    |      0|  0|    15|           7|           1|
    |jj_4_fu_317394_p2       |     +    |      0|  0|    15|           7|           1|
    |next_mul2_fu_317366_p2  |     +    |      0|  0|    24|          17|           7|
    |next_mul_fu_315680_p2   |     +    |      0|  0|    24|          17|           7|
    |tmp_243_fu_315727_p2    |     -    |      0|  0|    21|          14|          14|
    |tmp_244_fu_315733_p2    |     -    |      0|  0|    21|          13|          14|
    |tmp_245_fu_315739_p2    |     -    |      0|  0|    21|          14|          14|
    |tmp_249_fu_315768_p2    |     -    |      0|  0|    21|          13|          14|
    |tmp_254_fu_315793_p2    |    and   |      0|  0|  4096|       12544|       12544|
    |tmp_241_fu_315712_p2    |   icmp   |      0|  0|    13|          14|          14|
    |tmp_38_fu_315810_p2     |   icmp   |      0|  0|    11|           7|           6|
    |tmp_41_fu_317372_p2     |   icmp   |      0|  0|    13|          10|           9|
    |tmp_43_fu_318123_p2     |   icmp   |      0|  0|    11|           7|           6|
    |tmp_44_fu_317388_p2     |   icmp   |      0|  0|    11|           7|           6|
    |tmp_fu_315686_p2        |   icmp   |      0|  0|    13|          10|           9|
    |tmp_s_fu_316148_p2      |   icmp   |      0|  0|    11|           7|           6|
    |tmp_252_fu_315778_p2    |   lshr   |      0|  0|  2171|       12544|       12544|
    |tmp_253_fu_315787_p2    |   lshr   |      0|  0|  2171|           2|       12544|
    |tmp_37_fu_315706_p2     |    or    |      0|  0|    14|          14|           4|
    |tmp_246_fu_315745_p3    |  select  |      0|  0|    14|           1|          14|
    |tmp_247_fu_315753_p3    |  select  |      0|  0|  4096|           1|       12544|
    |tmp_248_fu_315760_p3    |  select  |      0|  0|    14|           1|          14|
    +------------------------+----------+-------+---+------+------------+------------+
    |Total                   |          |      1|  0| 12962|       25371|       50401|
    +------------------------+----------+-------+---+------+------------+------------+

    * Multiplexer: 
    +----------------------+----+-----------+-----+-----------+
    |         Name         | LUT| Input Size| Bits| Total Bits|
    +----------------------+----+-----------+-----+-----------+
    |acc_99_V_101_fu_844   |   9|          2|   16|         32|
    |acc_99_V_102_fu_848   |   9|          2|   16|         32|
    |acc_99_V_103_fu_852   |   9|          2|   16|         32|
    |acc_99_V_104_fu_856   |   9|          2|   16|         32|
    |acc_99_V_105_fu_860   |   9|          2|   16|         32|
    |acc_99_V_106_fu_864   |   9|          2|   16|         32|
    |acc_99_V_107_fu_868   |   9|          2|   16|         32|
    |acc_99_V_108_fu_872   |   9|          2|   16|         32|
    |acc_99_V_109_fu_876   |   9|          2|   16|         32|
    |acc_99_V_110_fu_880   |   9|          2|   16|         32|
    |acc_99_V_111_fu_884   |   9|          2|   16|         32|
    |acc_99_V_112_fu_888   |   9|          2|   16|         32|
    |acc_99_V_113_fu_892   |   9|          2|   16|         32|
    |acc_99_V_114_fu_896   |   9|          2|   16|         32|
    |acc_99_V_115_fu_900   |   9|          2|   16|         32|
    |acc_99_V_116_fu_904   |   9|          2|   16|         32|
    |acc_99_V_117_fu_908   |   9|          2|   16|         32|
    |acc_99_V_118_fu_912   |   9|          2|   16|         32|
    |acc_99_V_119_fu_916   |   9|          2|   16|         32|
    |acc_99_V_120_fu_920   |   9|          2|   16|         32|
    |acc_99_V_121_fu_924   |   9|          2|   16|         32|
    |acc_99_V_122_fu_928   |   9|          2|   16|         32|
    |acc_99_V_123_fu_932   |   9|          2|   16|         32|
    |acc_99_V_124_fu_936   |   9|          2|   16|         32|
    |acc_99_V_125_fu_940   |   9|          2|   16|         32|
    |acc_99_V_126_fu_944   |   9|          2|   16|         32|
    |acc_99_V_127_fu_948   |   9|          2|   16|         32|
    |acc_99_V_128_fu_952   |   9|          2|   16|         32|
    |acc_99_V_129_fu_956   |   9|          2|   16|         32|
    |acc_99_V_130_fu_960   |   9|          2|   16|         32|
    |acc_99_V_131_fu_964   |   9|          2|   16|         32|
    |acc_99_V_132_fu_968   |   9|          2|   16|         32|
    |acc_99_V_133_fu_972   |   9|          2|   16|         32|
    |acc_99_V_134_fu_976   |   9|          2|   16|         32|
    |acc_99_V_135_fu_980   |   9|          2|   16|         32|
    |acc_99_V_136_fu_984   |   9|          2|   16|         32|
    |acc_99_V_137_fu_988   |   9|          2|   16|         32|
    |acc_99_V_138_fu_992   |   9|          2|   16|         32|
    |acc_99_V_139_fu_996   |   9|          2|   16|         32|
    |acc_99_V_140_fu_1000  |   9|          2|   16|         32|
    |acc_99_V_141_fu_1004  |   9|          2|   16|         32|
    |acc_99_V_142_fu_1008  |   9|          2|   16|         32|
    |acc_99_V_143_fu_1012  |   9|          2|   16|         32|
    |acc_99_V_144_fu_1016  |   9|          2|   16|         32|
    |acc_99_V_145_fu_1020  |   9|          2|   16|         32|
    |acc_99_V_146_fu_1024  |   9|          2|   16|         32|
    |acc_99_V_147_fu_1028  |   9|          2|   16|         32|
    |acc_99_V_148_fu_1032  |   9|          2|   16|         32|
    |acc_99_V_149_fu_1036  |   9|          2|   16|         32|
    |acc_99_V_150_fu_1040  |   9|          2|   16|         32|
    |acc_99_V_151_fu_1044  |   9|          2|   16|         32|
    |acc_99_V_152_fu_1048  |   9|          2|   16|         32|
    |acc_99_V_153_fu_1052  |   9|          2|   16|         32|
    |acc_99_V_154_fu_1056  |   9|          2|   16|         32|
    |acc_99_V_155_fu_1060  |   9|          2|   16|         32|
    |acc_99_V_156_fu_1064  |   9|          2|   16|         32|
    |acc_99_V_157_fu_1068  |   9|          2|   16|         32|
    |acc_99_V_158_fu_1072  |   9|          2|   16|         32|
    |acc_99_V_159_fu_1076  |   9|          2|   16|         32|
    |acc_99_V_160_fu_1080  |   9|          2|   16|         32|
    |acc_99_V_161_fu_1084  |   9|          2|   16|         32|
    |acc_99_V_162_fu_1088  |   9|          2|   16|         32|
    |acc_99_V_163_fu_1092  |   9|          2|   16|         32|
    |acc_99_V_164_fu_1096  |   9|          2|   16|         32|
    |acc_99_V_165_fu_1100  |   9|          2|   16|         32|
    |acc_99_V_166_fu_1104  |   9|          2|   16|         32|
    |acc_99_V_167_fu_1108  |   9|          2|   16|         32|
    |acc_99_V_168_fu_1112  |   9|          2|   16|         32|
    |acc_99_V_169_fu_1116  |   9|          2|   16|         32|
    |acc_99_V_170_fu_1120  |   9|          2|   16|         32|
    |acc_99_V_171_fu_1124  |   9|          2|   16|         32|
    |acc_99_V_172_fu_1128  |   9|          2|   16|         32|
    |acc_99_V_173_fu_1132  |   9|          2|   16|         32|
    |acc_99_V_174_fu_1136  |   9|          2|   16|         32|
    |acc_99_V_175_fu_1140  |   9|          2|   16|         32|
    |acc_99_V_176_fu_1144  |   9|          2|   16|         32|
    |acc_99_V_177_fu_1148  |   9|          2|   16|         32|
    |acc_99_V_178_fu_1152  |   9|          2|   16|         32|
    |acc_99_V_179_fu_1156  |   9|          2|   16|         32|
    |acc_99_V_180_fu_1160  |   9|          2|   16|         32|
    |acc_99_V_181_fu_1164  |   9|          2|   16|         32|
    |acc_99_V_182_fu_1168  |   9|          2|   16|         32|
    |acc_99_V_183_fu_1172  |   9|          2|   16|         32|
    |acc_99_V_184_fu_1176  |   9|          2|   16|         32|
    |acc_99_V_185_fu_1180  |   9|          2|   16|         32|
    |acc_99_V_186_fu_1184  |   9|          2|   16|         32|
    |acc_99_V_187_fu_1188  |   9|          2|   16|         32|
    |acc_99_V_188_fu_1192  |   9|          2|   16|         32|
    |acc_99_V_189_fu_1196  |   9|          2|   16|         32|
    |acc_99_V_190_fu_1200  |   9|          2|   16|         32|
    |acc_99_V_191_fu_1204  |   9|          2|   16|         32|
    |acc_99_V_192_fu_1208  |   9|          2|   16|         32|
    |acc_99_V_193_fu_1212  |   9|          2|   16|         32|
    |acc_99_V_194_fu_1216  |   9|          2|   16|         32|
    |acc_99_V_195_fu_1220  |   9|          2|   16|         32|
    |acc_99_V_196_fu_1224  |   9|          2|   16|         32|
    |acc_99_V_197_fu_1228  |   9|          2|   16|         32|
    |acc_99_V_198_fu_1232  |   9|          2|   16|         32|
    |acc_99_V_199_fu_1236  |   9|          2|   16|         32|
    |acc_99_V_2_fu_1240    |   9|          2|   16|         32|
    |ap_NS_fsm             |  59|         14|    1|         14|
    |iacc_reg_1716         |   9|          2|    7|         14|
    |ii2_reg_1727          |   9|          2|   10|         20|
    |ii_reg_1682           |   9|          2|   10|         20|
    |ires_reg_1762         |   9|          2|    7|         14|
    |jj3_reg_1750          |   9|          2|    7|         14|
    |jj_reg_1705           |   9|          2|    7|         14|
    |mult_V_address0       |  15|          3|   17|         51|
    |phi_mul1_reg_1738     |   9|          2|   17|         34|
    |phi_mul_reg_1693      |   9|          2|   17|         34|
    +----------------------+----+-----------+-----+-----------+
    |Total                 |1046|        233| 1700|       3429|
    +----------------------+----+-----------+-----+-----------+

    * Register: 
    +-------------------------------+-------+----+-------+-----------+
    |              Name             |   FF  | LUT|  Bits | Const Bits|
    +-------------------------------+-------+----+-------+-----------+
    |OP1_V_cast_reg_320370          |     26|   0|     26|          0|
    |acc_99_V_100_fu_836            |     16|   0|     16|          0|
    |acc_99_V_101_fu_844            |     16|   0|     16|          0|
    |acc_99_V_102_fu_848            |     16|   0|     16|          0|
    |acc_99_V_103_fu_852            |     16|   0|     16|          0|
    |acc_99_V_104_fu_856            |     16|   0|     16|          0|
    |acc_99_V_105_fu_860            |     16|   0|     16|          0|
    |acc_99_V_106_fu_864            |     16|   0|     16|          0|
    |acc_99_V_107_fu_868            |     16|   0|     16|          0|
    |acc_99_V_108_fu_872            |     16|   0|     16|          0|
    |acc_99_V_109_fu_876            |     16|   0|     16|          0|
    |acc_99_V_10_fu_476             |     16|   0|     16|          0|
    |acc_99_V_110_fu_880            |     16|   0|     16|          0|
    |acc_99_V_111_fu_884            |     16|   0|     16|          0|
    |acc_99_V_112_fu_888            |     16|   0|     16|          0|
    |acc_99_V_113_fu_892            |     16|   0|     16|          0|
    |acc_99_V_114_fu_896            |     16|   0|     16|          0|
    |acc_99_V_115_fu_900            |     16|   0|     16|          0|
    |acc_99_V_116_fu_904            |     16|   0|     16|          0|
    |acc_99_V_117_fu_908            |     16|   0|     16|          0|
    |acc_99_V_118_fu_912            |     16|   0|     16|          0|
    |acc_99_V_119_fu_916            |     16|   0|     16|          0|
    |acc_99_V_11_fu_480             |     16|   0|     16|          0|
    |acc_99_V_120_fu_920            |     16|   0|     16|          0|
    |acc_99_V_121_fu_924            |     16|   0|     16|          0|
    |acc_99_V_122_fu_928            |     16|   0|     16|          0|
    |acc_99_V_123_fu_932            |     16|   0|     16|          0|
    |acc_99_V_124_fu_936            |     16|   0|     16|          0|
    |acc_99_V_125_fu_940            |     16|   0|     16|          0|
    |acc_99_V_126_fu_944            |     16|   0|     16|          0|
    |acc_99_V_127_fu_948            |     16|   0|     16|          0|
    |acc_99_V_128_fu_952            |     16|   0|     16|          0|
    |acc_99_V_129_fu_956            |     16|   0|     16|          0|
    |acc_99_V_12_fu_484             |     16|   0|     16|          0|
    |acc_99_V_130_fu_960            |     16|   0|     16|          0|
    |acc_99_V_131_fu_964            |     16|   0|     16|          0|
    |acc_99_V_132_fu_968            |     16|   0|     16|          0|
    |acc_99_V_133_fu_972            |     16|   0|     16|          0|
    |acc_99_V_134_fu_976            |     16|   0|     16|          0|
    |acc_99_V_135_fu_980            |     16|   0|     16|          0|
    |acc_99_V_136_fu_984            |     16|   0|     16|          0|
    |acc_99_V_137_fu_988            |     16|   0|     16|          0|
    |acc_99_V_138_fu_992            |     16|   0|     16|          0|
    |acc_99_V_139_fu_996            |     16|   0|     16|          0|
    |acc_99_V_13_fu_488             |     16|   0|     16|          0|
    |acc_99_V_140_fu_1000           |     16|   0|     16|          0|
    |acc_99_V_141_fu_1004           |     16|   0|     16|          0|
    |acc_99_V_142_fu_1008           |     16|   0|     16|          0|
    |acc_99_V_143_fu_1012           |     16|   0|     16|          0|
    |acc_99_V_144_fu_1016           |     16|   0|     16|          0|
    |acc_99_V_145_fu_1020           |     16|   0|     16|          0|
    |acc_99_V_146_fu_1024           |     16|   0|     16|          0|
    |acc_99_V_147_fu_1028           |     16|   0|     16|          0|
    |acc_99_V_148_fu_1032           |     16|   0|     16|          0|
    |acc_99_V_149_fu_1036           |     16|   0|     16|          0|
    |acc_99_V_14_fu_492             |     16|   0|     16|          0|
    |acc_99_V_150_fu_1040           |     16|   0|     16|          0|
    |acc_99_V_151_fu_1044           |     16|   0|     16|          0|
    |acc_99_V_152_fu_1048           |     16|   0|     16|          0|
    |acc_99_V_153_fu_1052           |     16|   0|     16|          0|
    |acc_99_V_154_fu_1056           |     16|   0|     16|          0|
    |acc_99_V_155_fu_1060           |     16|   0|     16|          0|
    |acc_99_V_156_fu_1064           |     16|   0|     16|          0|
    |acc_99_V_157_fu_1068           |     16|   0|     16|          0|
    |acc_99_V_158_fu_1072           |     16|   0|     16|          0|
    |acc_99_V_159_fu_1076           |     16|   0|     16|          0|
    |acc_99_V_15_fu_496             |     16|   0|     16|          0|
    |acc_99_V_160_fu_1080           |     16|   0|     16|          0|
    |acc_99_V_161_fu_1084           |     16|   0|     16|          0|
    |acc_99_V_162_fu_1088           |     16|   0|     16|          0|
    |acc_99_V_163_fu_1092           |     16|   0|     16|          0|
    |acc_99_V_164_fu_1096           |     16|   0|     16|          0|
    |acc_99_V_165_fu_1100           |     16|   0|     16|          0|
    |acc_99_V_166_fu_1104           |     16|   0|     16|          0|
    |acc_99_V_167_fu_1108           |     16|   0|     16|          0|
    |acc_99_V_168_fu_1112           |     16|   0|     16|          0|
    |acc_99_V_169_fu_1116           |     16|   0|     16|          0|
    |acc_99_V_16_fu_500             |     16|   0|     16|          0|
    |acc_99_V_170_fu_1120           |     16|   0|     16|          0|
    |acc_99_V_171_fu_1124           |     16|   0|     16|          0|
    |acc_99_V_172_fu_1128           |     16|   0|     16|          0|
    |acc_99_V_173_fu_1132           |     16|   0|     16|          0|
    |acc_99_V_174_fu_1136           |     16|   0|     16|          0|
    |acc_99_V_175_fu_1140           |     16|   0|     16|          0|
    |acc_99_V_176_fu_1144           |     16|   0|     16|          0|
    |acc_99_V_177_fu_1148           |     16|   0|     16|          0|
    |acc_99_V_178_fu_1152           |     16|   0|     16|          0|
    |acc_99_V_179_fu_1156           |     16|   0|     16|          0|
    |acc_99_V_17_fu_504             |     16|   0|     16|          0|
    |acc_99_V_180_fu_1160           |     16|   0|     16|          0|
    |acc_99_V_181_fu_1164           |     16|   0|     16|          0|
    |acc_99_V_182_fu_1168           |     16|   0|     16|          0|
    |acc_99_V_183_fu_1172           |     16|   0|     16|          0|
    |acc_99_V_184_fu_1176           |     16|   0|     16|          0|
    |acc_99_V_185_fu_1180           |     16|   0|     16|          0|
    |acc_99_V_186_fu_1184           |     16|   0|     16|          0|
    |acc_99_V_187_fu_1188           |     16|   0|     16|          0|
    |acc_99_V_188_fu_1192           |     16|   0|     16|          0|
    |acc_99_V_189_fu_1196           |     16|   0|     16|          0|
    |acc_99_V_18_fu_508             |     16|   0|     16|          0|
    |acc_99_V_190_fu_1200           |     16|   0|     16|          0|
    |acc_99_V_191_fu_1204           |     16|   0|     16|          0|
    |acc_99_V_192_fu_1208           |     16|   0|     16|          0|
    |acc_99_V_193_fu_1212           |     16|   0|     16|          0|
    |acc_99_V_194_fu_1216           |     16|   0|     16|          0|
    |acc_99_V_195_fu_1220           |     16|   0|     16|          0|
    |acc_99_V_196_fu_1224           |     16|   0|     16|          0|
    |acc_99_V_197_fu_1228           |     16|   0|     16|          0|
    |acc_99_V_198_fu_1232           |     16|   0|     16|          0|
    |acc_99_V_199_fu_1236           |     16|   0|     16|          0|
    |acc_99_V_19_fu_512             |     16|   0|     16|          0|
    |acc_99_V_1_fu_444              |     16|   0|     16|          0|
    |acc_99_V_20_fu_516             |     16|   0|     16|          0|
    |acc_99_V_21_fu_520             |     16|   0|     16|          0|
    |acc_99_V_22_fu_524             |     16|   0|     16|          0|
    |acc_99_V_23_fu_528             |     16|   0|     16|          0|
    |acc_99_V_24_fu_532             |     16|   0|     16|          0|
    |acc_99_V_25_fu_536             |     16|   0|     16|          0|
    |acc_99_V_26_fu_540             |     16|   0|     16|          0|
    |acc_99_V_27_fu_544             |     16|   0|     16|          0|
    |acc_99_V_28_fu_548             |     16|   0|     16|          0|
    |acc_99_V_29_fu_552             |     16|   0|     16|          0|
    |acc_99_V_2_fu_1240             |     16|   0|     16|          0|
    |acc_99_V_30_fu_556             |     16|   0|     16|          0|
    |acc_99_V_31_fu_560             |     16|   0|     16|          0|
    |acc_99_V_32_fu_564             |     16|   0|     16|          0|
    |acc_99_V_33_fu_568             |     16|   0|     16|          0|
    |acc_99_V_34_fu_572             |     16|   0|     16|          0|
    |acc_99_V_35_fu_576             |     16|   0|     16|          0|
    |acc_99_V_36_fu_580             |     16|   0|     16|          0|
    |acc_99_V_37_fu_584             |     16|   0|     16|          0|
    |acc_99_V_38_fu_588             |     16|   0|     16|          0|
    |acc_99_V_39_fu_592             |     16|   0|     16|          0|
    |acc_99_V_3_fu_448              |     16|   0|     16|          0|
    |acc_99_V_40_fu_596             |     16|   0|     16|          0|
    |acc_99_V_41_fu_600             |     16|   0|     16|          0|
    |acc_99_V_42_fu_604             |     16|   0|     16|          0|
    |acc_99_V_43_fu_608             |     16|   0|     16|          0|
    |acc_99_V_44_fu_612             |     16|   0|     16|          0|
    |acc_99_V_45_fu_616             |     16|   0|     16|          0|
    |acc_99_V_46_fu_620             |     16|   0|     16|          0|
    |acc_99_V_47_fu_624             |     16|   0|     16|          0|
    |acc_99_V_48_fu_628             |     16|   0|     16|          0|
    |acc_99_V_49_fu_632             |     16|   0|     16|          0|
    |acc_99_V_4_fu_452              |     16|   0|     16|          0|
    |acc_99_V_50_fu_636             |     16|   0|     16|          0|
    |acc_99_V_51_fu_640             |     16|   0|     16|          0|
    |acc_99_V_52_fu_644             |     16|   0|     16|          0|
    |acc_99_V_53_fu_648             |     16|   0|     16|          0|
    |acc_99_V_54_fu_652             |     16|   0|     16|          0|
    |acc_99_V_55_fu_656             |     16|   0|     16|          0|
    |acc_99_V_56_fu_660             |     16|   0|     16|          0|
    |acc_99_V_57_fu_664             |     16|   0|     16|          0|
    |acc_99_V_58_fu_668             |     16|   0|     16|          0|
    |acc_99_V_59_fu_672             |     16|   0|     16|          0|
    |acc_99_V_5_fu_456              |     16|   0|     16|          0|
    |acc_99_V_60_fu_676             |     16|   0|     16|          0|
    |acc_99_V_61_fu_680             |     16|   0|     16|          0|
    |acc_99_V_62_fu_684             |     16|   0|     16|          0|
    |acc_99_V_63_fu_688             |     16|   0|     16|          0|
    |acc_99_V_64_fu_692             |     16|   0|     16|          0|
    |acc_99_V_65_fu_696             |     16|   0|     16|          0|
    |acc_99_V_66_fu_700             |     16|   0|     16|          0|
    |acc_99_V_67_fu_704             |     16|   0|     16|          0|
    |acc_99_V_68_fu_708             |     16|   0|     16|          0|
    |acc_99_V_69_fu_712             |     16|   0|     16|          0|
    |acc_99_V_6_fu_460              |     16|   0|     16|          0|
    |acc_99_V_70_fu_716             |     16|   0|     16|          0|
    |acc_99_V_71_fu_720             |     16|   0|     16|          0|
    |acc_99_V_72_fu_724             |     16|   0|     16|          0|
    |acc_99_V_73_fu_728             |     16|   0|     16|          0|
    |acc_99_V_74_fu_732             |     16|   0|     16|          0|
    |acc_99_V_75_fu_736             |     16|   0|     16|          0|
    |acc_99_V_76_fu_740             |     16|   0|     16|          0|
    |acc_99_V_77_fu_744             |     16|   0|     16|          0|
    |acc_99_V_78_fu_748             |     16|   0|     16|          0|
    |acc_99_V_79_fu_752             |     16|   0|     16|          0|
    |acc_99_V_7_fu_464              |     16|   0|     16|          0|
    |acc_99_V_80_fu_756             |     16|   0|     16|          0|
    |acc_99_V_81_fu_760             |     16|   0|     16|          0|
    |acc_99_V_82_fu_764             |     16|   0|     16|          0|
    |acc_99_V_83_fu_768             |     16|   0|     16|          0|
    |acc_99_V_84_fu_772             |     16|   0|     16|          0|
    |acc_99_V_85_fu_776             |     16|   0|     16|          0|
    |acc_99_V_86_fu_780             |     16|   0|     16|          0|
    |acc_99_V_87_fu_784             |     16|   0|     16|          0|
    |acc_99_V_88_fu_788             |     16|   0|     16|          0|
    |acc_99_V_89_fu_792             |     16|   0|     16|          0|
    |acc_99_V_8_fu_468              |     16|   0|     16|          0|
    |acc_99_V_90_fu_796             |     16|   0|     16|          0|
    |acc_99_V_91_fu_800             |     16|   0|     16|          0|
    |acc_99_V_92_fu_804             |     16|   0|     16|          0|
    |acc_99_V_93_fu_808             |     16|   0|     16|          0|
    |acc_99_V_94_fu_812             |     16|   0|     16|          0|
    |acc_99_V_95_fu_816             |     16|   0|     16|          0|
    |acc_99_V_96_fu_820             |     16|   0|     16|          0|
    |acc_99_V_97_fu_824             |     16|   0|     16|          0|
    |acc_99_V_98_fu_828             |     16|   0|     16|          0|
    |acc_99_V_99_fu_832             |     16|   0|     16|          0|
    |acc_99_V_9_fu_472              |     16|   0|     16|          0|
    |acc_99_V_fu_840                |     16|   0|     16|          0|
    |ap_CS_fsm                      |     13|   0|     13|          0|
    |iacc_2_reg_320401              |      7|   0|      7|          0|
    |iacc_reg_1716                  |      7|   0|      7|          0|
    |ii2_reg_1727                   |     10|   0|     10|          0|
    |ii_3_reg_319755                |     10|   0|     10|          0|
    |ii_4_reg_321114                |     10|   0|     10|          0|
    |ii_reg_1682                    |     10|   0|     10|          0|
    |ires_2_reg_321735              |      7|   0|      7|          0|
    |ires_reg_1762                  |      7|   0|      7|          0|
    |jj3_reg_1750                   |      7|   0|      7|          0|
    |jj_3_reg_320378                |      7|   0|      7|          0|
    |jj_4_reg_321722                |      7|   0|      7|          0|
    |jj_reg_1705                    |      7|   0|      7|          0|
    |next_mul2_reg_321106           |     17|   0|     17|          0|
    |next_mul_reg_319747            |     17|   0|     17|          0|
    |phi_mul1_reg_1738              |     17|   0|     17|          0|
    |phi_mul_reg_1693               |     17|   0|     17|          0|
    |res_0_V_write_assign_fu_1520   |     16|   0|     16|          0|
    |res_10_V_write_assign_fu_1640  |     16|   0|     16|          0|
    |res_11_V_write_assign_fu_1636  |     16|   0|     16|          0|
    |res_12_V_write_assign_fu_1632  |     16|   0|     16|          0|
    |res_13_V_write_assign_fu_1624  |     16|   0|     16|          0|
    |res_14_V_write_assign_fu_1620  |     16|   0|     16|          0|
    |res_15_V_write_assign_fu_1612  |     16|   0|     16|          0|
    |res_16_V_write_assign_fu_1608  |     16|   0|     16|          0|
    |res_17_V_write_assign_fu_1600  |     16|   0|     16|          0|
    |res_18_V_write_assign_fu_1596  |     16|   0|     16|          0|
    |res_19_V_write_assign_fu_1588  |     16|   0|     16|          0|
    |res_1_V_write_assign_fu_1532   |     16|   0|     16|          0|
    |res_20_V_write_assign_fu_1584  |     16|   0|     16|          0|
    |res_21_V_write_assign_fu_1576  |     16|   0|     16|          0|
    |res_22_V_write_assign_fu_1572  |     16|   0|     16|          0|
    |res_23_V_write_assign_fu_1564  |     16|   0|     16|          0|
    |res_24_V_write_assign_fu_1560  |     16|   0|     16|          0|
    |res_25_V_write_assign_fu_1552  |     16|   0|     16|          0|
    |res_26_V_write_assign_fu_1548  |     16|   0|     16|          0|
    |res_27_V_write_assign_fu_1540  |     16|   0|     16|          0|
    |res_28_V_write_assign_fu_1536  |     16|   0|     16|          0|
    |res_29_V_write_assign_fu_1528  |     16|   0|     16|          0|
    |res_2_V_write_assign_fu_1544   |     16|   0|     16|          0|
    |res_30_V_write_assign_fu_1524  |     16|   0|     16|          0|
    |res_31_V_write_assign_fu_1516  |     16|   0|     16|          0|
    |res_32_V_write_assign_fu_1384  |     16|   0|     16|          0|
    |res_33_V_write_assign_fu_1396  |     16|   0|     16|          0|
    |res_34_V_write_assign_fu_1408  |     16|   0|     16|          0|
    |res_35_V_write_assign_fu_1420  |     16|   0|     16|          0|
    |res_36_V_write_assign_fu_1432  |     16|   0|     16|          0|
    |res_37_V_write_assign_fu_1444  |     16|   0|     16|          0|
    |res_38_V_write_assign_fu_1456  |     16|   0|     16|          0|
    |res_39_V_write_assign_fu_1468  |     16|   0|     16|          0|
    |res_3_V_write_assign_fu_1556   |     16|   0|     16|          0|
    |res_40_V_write_assign_fu_1480  |     16|   0|     16|          0|
    |res_41_V_write_assign_fu_1492  |     16|   0|     16|          0|
    |res_42_V_write_assign_fu_1504  |     16|   0|     16|          0|
    |res_43_V_write_assign_fu_1512  |     16|   0|     16|          0|
    |res_44_V_write_assign_fu_1508  |     16|   0|     16|          0|
    |res_45_V_write_assign_fu_1500  |     16|   0|     16|          0|
    |res_46_V_write_assign_fu_1496  |     16|   0|     16|          0|
    |res_47_V_write_assign_fu_1488  |     16|   0|     16|          0|
    |res_48_V_write_assign_fu_1484  |     16|   0|     16|          0|
    |res_49_V_write_assign_fu_1476  |     16|   0|     16|          0|
    |res_4_V_write_assign_fu_1568   |     16|   0|     16|          0|
    |res_50_V_write_assign_fu_1472  |     16|   0|     16|          0|
    |res_51_V_write_assign_fu_1464  |     16|   0|     16|          0|
    |res_52_V_write_assign_fu_1460  |     16|   0|     16|          0|
    |res_53_V_write_assign_fu_1452  |     16|   0|     16|          0|
    |res_54_V_write_assign_fu_1448  |     16|   0|     16|          0|
    |res_55_V_write_assign_fu_1440  |     16|   0|     16|          0|
    |res_56_V_write_assign_fu_1436  |     16|   0|     16|          0|
    |res_57_V_write_assign_fu_1428  |     16|   0|     16|          0|
    |res_58_V_write_assign_fu_1424  |     16|   0|     16|          0|
    |res_59_V_write_assign_fu_1416  |     16|   0|     16|          0|
    |res_5_V_write_assign_fu_1580   |     16|   0|     16|          0|
    |res_60_V_write_assign_fu_1412  |     16|   0|     16|          0|
    |res_61_V_write_assign_fu_1404  |     16|   0|     16|          0|
    |res_62_V_write_assign_fu_1400  |     16|   0|     16|          0|
    |res_63_V_write_assign_fu_1392  |     16|   0|     16|          0|
    |res_64_V_write_assign_fu_1388  |     16|   0|     16|          0|
    |res_65_V_write_assign_fu_1380  |     16|   0|     16|          0|
    |res_66_V_write_assign_fu_1248  |     16|   0|     16|          0|
    |res_67_V_write_assign_fu_1260  |     16|   0|     16|          0|
    |res_68_V_write_assign_fu_1272  |     16|   0|     16|          0|
    |res_69_V_write_assign_fu_1284  |     16|   0|     16|          0|
    |res_6_V_write_assign_fu_1592   |     16|   0|     16|          0|
    |res_70_V_write_assign_fu_1296  |     16|   0|     16|          0|
    |res_71_V_write_assign_fu_1308  |     16|   0|     16|          0|
    |res_72_V_write_assign_fu_1320  |     16|   0|     16|          0|
    |res_73_V_write_assign_fu_1332  |     16|   0|     16|          0|
    |res_74_V_write_assign_fu_1344  |     16|   0|     16|          0|
    |res_75_V_write_assign_fu_1356  |     16|   0|     16|          0|
    |res_76_V_write_assign_fu_1368  |     16|   0|     16|          0|
    |res_77_V_write_assign_fu_1376  |     16|   0|     16|          0|
    |res_78_V_write_assign_fu_1372  |     16|   0|     16|          0|
    |res_79_V_write_assign_fu_1364  |     16|   0|     16|          0|
    |res_7_V_write_assign_fu_1604   |     16|   0|     16|          0|
    |res_80_V_write_assign_fu_1360  |     16|   0|     16|          0|
    |res_81_V_write_assign_fu_1352  |     16|   0|     16|          0|
    |res_82_V_write_assign_fu_1348  |     16|   0|     16|          0|
    |res_83_V_write_assign_fu_1340  |     16|   0|     16|          0|
    |res_84_V_write_assign_fu_1336  |     16|   0|     16|          0|
    |res_85_V_write_assign_fu_1328  |     16|   0|     16|          0|
    |res_86_V_write_assign_fu_1324  |     16|   0|     16|          0|
    |res_87_V_write_assign_fu_1316  |     16|   0|     16|          0|
    |res_88_V_write_assign_fu_1312  |     16|   0|     16|          0|
    |res_89_V_write_assign_fu_1304  |     16|   0|     16|          0|
    |res_8_V_write_assign_fu_1616   |     16|   0|     16|          0|
    |res_90_V_write_assign_fu_1300  |     16|   0|     16|          0|
    |res_91_V_write_assign_fu_1292  |     16|   0|     16|          0|
    |res_92_V_write_assign_fu_1288  |     16|   0|     16|          0|
    |res_93_V_write_assign_fu_1280  |     16|   0|     16|          0|
    |res_94_V_write_assign_fu_1276  |     16|   0|     16|          0|
    |res_95_V_write_assign_fu_1268  |     16|   0|     16|          0|
    |res_96_V_write_assign_fu_1264  |     16|   0|     16|          0|
    |res_97_V_write_assign_fu_1256  |     16|   0|     16|          0|
    |res_98_V_write_assign_fu_1252  |     16|   0|     16|          0|
    |res_99_V_write_assign_fu_1244  |     16|   0|     16|          0|
    |res_9_V_write_assign_fu_1628   |     16|   0|     16|          0|
    |tmp_249_reg_319760             |     13|   0|     14|          1|
    |tmp_252_reg_319765             |  12544|   0|  12544|          0|
    |tmp_39_reg_320383              |     17|   0|     64|         47|
    |tmp_40_reg_320393              |     16|   0|     16|          0|
    +-------------------------------+-------+----+-------+-----------+
    |Total                          |  17593|   0|  17641|         48|
    +-------------------------------+-------+----+-------+-----------+



================================================================
== Interface
================================================================
* Summary: 
+--------------+-----+-------+------------+------------------------------------------------------------------------------------+--------------+
|   RTL Ports  | Dir |  Bits |  Protocol  |                                    Source Object                                   |    C Type    |
+--------------+-----+-------+------------+------------------------------------------------------------------------------------+--------------+
|ap_clk        |  in |      1| ap_ctrl_hs | dense_latency.0.0.0.0.0.0.0.0.0.0.0.0.0.0.0.0.0.0.0.0.0.0.0.0.0.0.0.0.0.0.0.0.0..1 | return value |
|ap_rst        |  in |      1| ap_ctrl_hs | dense_latency.0.0.0.0.0.0.0.0.0.0.0.0.0.0.0.0.0.0.0.0.0.0.0.0.0.0.0.0.0.0.0.0.0..1 | return value |
|ap_start      |  in |      1| ap_ctrl_hs | dense_latency.0.0.0.0.0.0.0.0.0.0.0.0.0.0.0.0.0.0.0.0.0.0.0.0.0.0.0.0.0.0.0.0.0..1 | return value |
|ap_done       | out |      1| ap_ctrl_hs | dense_latency.0.0.0.0.0.0.0.0.0.0.0.0.0.0.0.0.0.0.0.0.0.0.0.0.0.0.0.0.0.0.0.0.0..1 | return value |
|ap_idle       | out |      1| ap_ctrl_hs | dense_latency.0.0.0.0.0.0.0.0.0.0.0.0.0.0.0.0.0.0.0.0.0.0.0.0.0.0.0.0.0.0.0.0.0..1 | return value |
|ap_ready      | out |      1| ap_ctrl_hs | dense_latency.0.0.0.0.0.0.0.0.0.0.0.0.0.0.0.0.0.0.0.0.0.0.0.0.0.0.0.0.0.0.0.0.0..1 | return value |
|ap_return_0   | out |     16| ap_ctrl_hs | dense_latency.0.0.0.0.0.0.0.0.0.0.0.0.0.0.0.0.0.0.0.0.0.0.0.0.0.0.0.0.0.0.0.0.0..1 | return value |
|ap_return_1   | out |     16| ap_ctrl_hs | dense_latency.0.0.0.0.0.0.0.0.0.0.0.0.0.0.0.0.0.0.0.0.0.0.0.0.0.0.0.0.0.0.0.0.0..1 | return value |
|ap_return_2   | out |     16| ap_ctrl_hs | dense_latency.0.0.0.0.0.0.0.0.0.0.0.0.0.0.0.0.0.0.0.0.0.0.0.0.0.0.0.0.0.0.0.0.0..1 | return value |
|ap_return_3   | out |     16| ap_ctrl_hs | dense_latency.0.0.0.0.0.0.0.0.0.0.0.0.0.0.0.0.0.0.0.0.0.0.0.0.0.0.0.0.0.0.0.0.0..1 | return value |
|ap_return_4   | out |     16| ap_ctrl_hs | dense_latency.0.0.0.0.0.0.0.0.0.0.0.0.0.0.0.0.0.0.0.0.0.0.0.0.0.0.0.0.0.0.0.0.0..1 | return value |
|ap_return_5   | out |     16| ap_ctrl_hs | dense_latency.0.0.0.0.0.0.0.0.0.0.0.0.0.0.0.0.0.0.0.0.0.0.0.0.0.0.0.0.0.0.0.0.0..1 | return value |
|ap_return_6   | out |     16| ap_ctrl_hs | dense_latency.0.0.0.0.0.0.0.0.0.0.0.0.0.0.0.0.0.0.0.0.0.0.0.0.0.0.0.0.0.0.0.0.0..1 | return value |
|ap_return_7   | out |     16| ap_ctrl_hs | dense_latency.0.0.0.0.0.0.0.0.0.0.0.0.0.0.0.0.0.0.0.0.0.0.0.0.0.0.0.0.0.0.0.0.0..1 | return value |
|ap_return_8   | out |     16| ap_ctrl_hs | dense_latency.0.0.0.0.0.0.0.0.0.0.0.0.0.0.0.0.0.0.0.0.0.0.0.0.0.0.0.0.0.0.0.0.0..1 | return value |
|ap_return_9   | out |     16| ap_ctrl_hs | dense_latency.0.0.0.0.0.0.0.0.0.0.0.0.0.0.0.0.0.0.0.0.0.0.0.0.0.0.0.0.0.0.0.0.0..1 | return value |
|ap_return_10  | out |     16| ap_ctrl_hs | dense_latency.0.0.0.0.0.0.0.0.0.0.0.0.0.0.0.0.0.0.0.0.0.0.0.0.0.0.0.0.0.0.0.0.0..1 | return value |
|ap_return_11  | out |     16| ap_ctrl_hs | dense_latency.0.0.0.0.0.0.0.0.0.0.0.0.0.0.0.0.0.0.0.0.0.0.0.0.0.0.0.0.0.0.0.0.0..1 | return value |
|ap_return_12  | out |     16| ap_ctrl_hs | dense_latency.0.0.0.0.0.0.0.0.0.0.0.0.0.0.0.0.0.0.0.0.0.0.0.0.0.0.0.0.0.0.0.0.0..1 | return value |
|ap_return_13  | out |     16| ap_ctrl_hs | dense_latency.0.0.0.0.0.0.0.0.0.0.0.0.0.0.0.0.0.0.0.0.0.0.0.0.0.0.0.0.0.0.0.0.0..1 | return value |
|ap_return_14  | out |     16| ap_ctrl_hs | dense_latency.0.0.0.0.0.0.0.0.0.0.0.0.0.0.0.0.0.0.0.0.0.0.0.0.0.0.0.0.0.0.0.0.0..1 | return value |
|ap_return_15  | out |     16| ap_ctrl_hs | dense_latency.0.0.0.0.0.0.0.0.0.0.0.0.0.0.0.0.0.0.0.0.0.0.0.0.0.0.0.0.0.0.0.0.0..1 | return value |
|ap_return_16  | out |     16| ap_ctrl_hs | dense_latency.0.0.0.0.0.0.0.0.0.0.0.0.0.0.0.0.0.0.0.0.0.0.0.0.0.0.0.0.0.0.0.0.0..1 | return value |
|ap_return_17  | out |     16| ap_ctrl_hs | dense_latency.0.0.0.0.0.0.0.0.0.0.0.0.0.0.0.0.0.0.0.0.0.0.0.0.0.0.0.0.0.0.0.0.0..1 | return value |
|ap_return_18  | out |     16| ap_ctrl_hs | dense_latency.0.0.0.0.0.0.0.0.0.0.0.0.0.0.0.0.0.0.0.0.0.0.0.0.0.0.0.0.0.0.0.0.0..1 | return value |
|ap_return_19  | out |     16| ap_ctrl_hs | dense_latency.0.0.0.0.0.0.0.0.0.0.0.0.0.0.0.0.0.0.0.0.0.0.0.0.0.0.0.0.0.0.0.0.0..1 | return value |
|ap_return_20  | out |     16| ap_ctrl_hs | dense_latency.0.0.0.0.0.0.0.0.0.0.0.0.0.0.0.0.0.0.0.0.0.0.0.0.0.0.0.0.0.0.0.0.0..1 | return value |
|ap_return_21  | out |     16| ap_ctrl_hs | dense_latency.0.0.0.0.0.0.0.0.0.0.0.0.0.0.0.0.0.0.0.0.0.0.0.0.0.0.0.0.0.0.0.0.0..1 | return value |
|ap_return_22  | out |     16| ap_ctrl_hs | dense_latency.0.0.0.0.0.0.0.0.0.0.0.0.0.0.0.0.0.0.0.0.0.0.0.0.0.0.0.0.0.0.0.0.0..1 | return value |
|ap_return_23  | out |     16| ap_ctrl_hs | dense_latency.0.0.0.0.0.0.0.0.0.0.0.0.0.0.0.0.0.0.0.0.0.0.0.0.0.0.0.0.0.0.0.0.0..1 | return value |
|ap_return_24  | out |     16| ap_ctrl_hs | dense_latency.0.0.0.0.0.0.0.0.0.0.0.0.0.0.0.0.0.0.0.0.0.0.0.0.0.0.0.0.0.0.0.0.0..1 | return value |
|ap_return_25  | out |     16| ap_ctrl_hs | dense_latency.0.0.0.0.0.0.0.0.0.0.0.0.0.0.0.0.0.0.0.0.0.0.0.0.0.0.0.0.0.0.0.0.0..1 | return value |
|ap_return_26  | out |     16| ap_ctrl_hs | dense_latency.0.0.0.0.0.0.0.0.0.0.0.0.0.0.0.0.0.0.0.0.0.0.0.0.0.0.0.0.0.0.0.0.0..1 | return value |
|ap_return_27  | out |     16| ap_ctrl_hs | dense_latency.0.0.0.0.0.0.0.0.0.0.0.0.0.0.0.0.0.0.0.0.0.0.0.0.0.0.0.0.0.0.0.0.0..1 | return value |
|ap_return_28  | out |     16| ap_ctrl_hs | dense_latency.0.0.0.0.0.0.0.0.0.0.0.0.0.0.0.0.0.0.0.0.0.0.0.0.0.0.0.0.0.0.0.0.0..1 | return value |
|ap_return_29  | out |     16| ap_ctrl_hs | dense_latency.0.0.0.0.0.0.0.0.0.0.0.0.0.0.0.0.0.0.0.0.0.0.0.0.0.0.0.0.0.0.0.0.0..1 | return value |
|ap_return_30  | out |     16| ap_ctrl_hs | dense_latency.0.0.0.0.0.0.0.0.0.0.0.0.0.0.0.0.0.0.0.0.0.0.0.0.0.0.0.0.0.0.0.0.0..1 | return value |
|ap_return_31  | out |     16| ap_ctrl_hs | dense_latency.0.0.0.0.0.0.0.0.0.0.0.0.0.0.0.0.0.0.0.0.0.0.0.0.0.0.0.0.0.0.0.0.0..1 | return value |
|ap_return_32  | out |     16| ap_ctrl_hs | dense_latency.0.0.0.0.0.0.0.0.0.0.0.0.0.0.0.0.0.0.0.0.0.0.0.0.0.0.0.0.0.0.0.0.0..1 | return value |
|ap_return_33  | out |     16| ap_ctrl_hs | dense_latency.0.0.0.0.0.0.0.0.0.0.0.0.0.0.0.0.0.0.0.0.0.0.0.0.0.0.0.0.0.0.0.0.0..1 | return value |
|ap_return_34  | out |     16| ap_ctrl_hs | dense_latency.0.0.0.0.0.0.0.0.0.0.0.0.0.0.0.0.0.0.0.0.0.0.0.0.0.0.0.0.0.0.0.0.0..1 | return value |
|ap_return_35  | out |     16| ap_ctrl_hs | dense_latency.0.0.0.0.0.0.0.0.0.0.0.0.0.0.0.0.0.0.0.0.0.0.0.0.0.0.0.0.0.0.0.0.0..1 | return value |
|ap_return_36  | out |     16| ap_ctrl_hs | dense_latency.0.0.0.0.0.0.0.0.0.0.0.0.0.0.0.0.0.0.0.0.0.0.0.0.0.0.0.0.0.0.0.0.0..1 | return value |
|ap_return_37  | out |     16| ap_ctrl_hs | dense_latency.0.0.0.0.0.0.0.0.0.0.0.0.0.0.0.0.0.0.0.0.0.0.0.0.0.0.0.0.0.0.0.0.0..1 | return value |
|ap_return_38  | out |     16| ap_ctrl_hs | dense_latency.0.0.0.0.0.0.0.0.0.0.0.0.0.0.0.0.0.0.0.0.0.0.0.0.0.0.0.0.0.0.0.0.0..1 | return value |
|ap_return_39  | out |     16| ap_ctrl_hs | dense_latency.0.0.0.0.0.0.0.0.0.0.0.0.0.0.0.0.0.0.0.0.0.0.0.0.0.0.0.0.0.0.0.0.0..1 | return value |
|ap_return_40  | out |     16| ap_ctrl_hs | dense_latency.0.0.0.0.0.0.0.0.0.0.0.0.0.0.0.0.0.0.0.0.0.0.0.0.0.0.0.0.0.0.0.0.0..1 | return value |
|ap_return_41  | out |     16| ap_ctrl_hs | dense_latency.0.0.0.0.0.0.0.0.0.0.0.0.0.0.0.0.0.0.0.0.0.0.0.0.0.0.0.0.0.0.0.0.0..1 | return value |
|ap_return_42  | out |     16| ap_ctrl_hs | dense_latency.0.0.0.0.0.0.0.0.0.0.0.0.0.0.0.0.0.0.0.0.0.0.0.0.0.0.0.0.0.0.0.0.0..1 | return value |
|ap_return_43  | out |     16| ap_ctrl_hs | dense_latency.0.0.0.0.0.0.0.0.0.0.0.0.0.0.0.0.0.0.0.0.0.0.0.0.0.0.0.0.0.0.0.0.0..1 | return value |
|ap_return_44  | out |     16| ap_ctrl_hs | dense_latency.0.0.0.0.0.0.0.0.0.0.0.0.0.0.0.0.0.0.0.0.0.0.0.0.0.0.0.0.0.0.0.0.0..1 | return value |
|ap_return_45  | out |     16| ap_ctrl_hs | dense_latency.0.0.0.0.0.0.0.0.0.0.0.0.0.0.0.0.0.0.0.0.0.0.0.0.0.0.0.0.0.0.0.0.0..1 | return value |
|ap_return_46  | out |     16| ap_ctrl_hs | dense_latency.0.0.0.0.0.0.0.0.0.0.0.0.0.0.0.0.0.0.0.0.0.0.0.0.0.0.0.0.0.0.0.0.0..1 | return value |
|ap_return_47  | out |     16| ap_ctrl_hs | dense_latency.0.0.0.0.0.0.0.0.0.0.0.0.0.0.0.0.0.0.0.0.0.0.0.0.0.0.0.0.0.0.0.0.0..1 | return value |
|ap_return_48  | out |     16| ap_ctrl_hs | dense_latency.0.0.0.0.0.0.0.0.0.0.0.0.0.0.0.0.0.0.0.0.0.0.0.0.0.0.0.0.0.0.0.0.0..1 | return value |
|ap_return_49  | out |     16| ap_ctrl_hs | dense_latency.0.0.0.0.0.0.0.0.0.0.0.0.0.0.0.0.0.0.0.0.0.0.0.0.0.0.0.0.0.0.0.0.0..1 | return value |
|ap_return_50  | out |     16| ap_ctrl_hs | dense_latency.0.0.0.0.0.0.0.0.0.0.0.0.0.0.0.0.0.0.0.0.0.0.0.0.0.0.0.0.0.0.0.0.0..1 | return value |
|ap_return_51  | out |     16| ap_ctrl_hs | dense_latency.0.0.0.0.0.0.0.0.0.0.0.0.0.0.0.0.0.0.0.0.0.0.0.0.0.0.0.0.0.0.0.0.0..1 | return value |
|ap_return_52  | out |     16| ap_ctrl_hs | dense_latency.0.0.0.0.0.0.0.0.0.0.0.0.0.0.0.0.0.0.0.0.0.0.0.0.0.0.0.0.0.0.0.0.0..1 | return value |
|ap_return_53  | out |     16| ap_ctrl_hs | dense_latency.0.0.0.0.0.0.0.0.0.0.0.0.0.0.0.0.0.0.0.0.0.0.0.0.0.0.0.0.0.0.0.0.0..1 | return value |
|ap_return_54  | out |     16| ap_ctrl_hs | dense_latency.0.0.0.0.0.0.0.0.0.0.0.0.0.0.0.0.0.0.0.0.0.0.0.0.0.0.0.0.0.0.0.0.0..1 | return value |
|ap_return_55  | out |     16| ap_ctrl_hs | dense_latency.0.0.0.0.0.0.0.0.0.0.0.0.0.0.0.0.0.0.0.0.0.0.0.0.0.0.0.0.0.0.0.0.0..1 | return value |
|ap_return_56  | out |     16| ap_ctrl_hs | dense_latency.0.0.0.0.0.0.0.0.0.0.0.0.0.0.0.0.0.0.0.0.0.0.0.0.0.0.0.0.0.0.0.0.0..1 | return value |
|ap_return_57  | out |     16| ap_ctrl_hs | dense_latency.0.0.0.0.0.0.0.0.0.0.0.0.0.0.0.0.0.0.0.0.0.0.0.0.0.0.0.0.0.0.0.0.0..1 | return value |
|ap_return_58  | out |     16| ap_ctrl_hs | dense_latency.0.0.0.0.0.0.0.0.0.0.0.0.0.0.0.0.0.0.0.0.0.0.0.0.0.0.0.0.0.0.0.0.0..1 | return value |
|ap_return_59  | out |     16| ap_ctrl_hs | dense_latency.0.0.0.0.0.0.0.0.0.0.0.0.0.0.0.0.0.0.0.0.0.0.0.0.0.0.0.0.0.0.0.0.0..1 | return value |
|ap_return_60  | out |     16| ap_ctrl_hs | dense_latency.0.0.0.0.0.0.0.0.0.0.0.0.0.0.0.0.0.0.0.0.0.0.0.0.0.0.0.0.0.0.0.0.0..1 | return value |
|ap_return_61  | out |     16| ap_ctrl_hs | dense_latency.0.0.0.0.0.0.0.0.0.0.0.0.0.0.0.0.0.0.0.0.0.0.0.0.0.0.0.0.0.0.0.0.0..1 | return value |
|ap_return_62  | out |     16| ap_ctrl_hs | dense_latency.0.0.0.0.0.0.0.0.0.0.0.0.0.0.0.0.0.0.0.0.0.0.0.0.0.0.0.0.0.0.0.0.0..1 | return value |
|ap_return_63  | out |     16| ap_ctrl_hs | dense_latency.0.0.0.0.0.0.0.0.0.0.0.0.0.0.0.0.0.0.0.0.0.0.0.0.0.0.0.0.0.0.0.0.0..1 | return value |
|ap_return_64  | out |     16| ap_ctrl_hs | dense_latency.0.0.0.0.0.0.0.0.0.0.0.0.0.0.0.0.0.0.0.0.0.0.0.0.0.0.0.0.0.0.0.0.0..1 | return value |
|ap_return_65  | out |     16| ap_ctrl_hs | dense_latency.0.0.0.0.0.0.0.0.0.0.0.0.0.0.0.0.0.0.0.0.0.0.0.0.0.0.0.0.0.0.0.0.0..1 | return value |
|ap_return_66  | out |     16| ap_ctrl_hs | dense_latency.0.0.0.0.0.0.0.0.0.0.0.0.0.0.0.0.0.0.0.0.0.0.0.0.0.0.0.0.0.0.0.0.0..1 | return value |
|ap_return_67  | out |     16| ap_ctrl_hs | dense_latency.0.0.0.0.0.0.0.0.0.0.0.0.0.0.0.0.0.0.0.0.0.0.0.0.0.0.0.0.0.0.0.0.0..1 | return value |
|ap_return_68  | out |     16| ap_ctrl_hs | dense_latency.0.0.0.0.0.0.0.0.0.0.0.0.0.0.0.0.0.0.0.0.0.0.0.0.0.0.0.0.0.0.0.0.0..1 | return value |
|ap_return_69  | out |     16| ap_ctrl_hs | dense_latency.0.0.0.0.0.0.0.0.0.0.0.0.0.0.0.0.0.0.0.0.0.0.0.0.0.0.0.0.0.0.0.0.0..1 | return value |
|ap_return_70  | out |     16| ap_ctrl_hs | dense_latency.0.0.0.0.0.0.0.0.0.0.0.0.0.0.0.0.0.0.0.0.0.0.0.0.0.0.0.0.0.0.0.0.0..1 | return value |
|ap_return_71  | out |     16| ap_ctrl_hs | dense_latency.0.0.0.0.0.0.0.0.0.0.0.0.0.0.0.0.0.0.0.0.0.0.0.0.0.0.0.0.0.0.0.0.0..1 | return value |
|ap_return_72  | out |     16| ap_ctrl_hs | dense_latency.0.0.0.0.0.0.0.0.0.0.0.0.0.0.0.0.0.0.0.0.0.0.0.0.0.0.0.0.0.0.0.0.0..1 | return value |
|ap_return_73  | out |     16| ap_ctrl_hs | dense_latency.0.0.0.0.0.0.0.0.0.0.0.0.0.0.0.0.0.0.0.0.0.0.0.0.0.0.0.0.0.0.0.0.0..1 | return value |
|ap_return_74  | out |     16| ap_ctrl_hs | dense_latency.0.0.0.0.0.0.0.0.0.0.0.0.0.0.0.0.0.0.0.0.0.0.0.0.0.0.0.0.0.0.0.0.0..1 | return value |
|ap_return_75  | out |     16| ap_ctrl_hs | dense_latency.0.0.0.0.0.0.0.0.0.0.0.0.0.0.0.0.0.0.0.0.0.0.0.0.0.0.0.0.0.0.0.0.0..1 | return value |
|ap_return_76  | out |     16| ap_ctrl_hs | dense_latency.0.0.0.0.0.0.0.0.0.0.0.0.0.0.0.0.0.0.0.0.0.0.0.0.0.0.0.0.0.0.0.0.0..1 | return value |
|ap_return_77  | out |     16| ap_ctrl_hs | dense_latency.0.0.0.0.0.0.0.0.0.0.0.0.0.0.0.0.0.0.0.0.0.0.0.0.0.0.0.0.0.0.0.0.0..1 | return value |
|ap_return_78  | out |     16| ap_ctrl_hs | dense_latency.0.0.0.0.0.0.0.0.0.0.0.0.0.0.0.0.0.0.0.0.0.0.0.0.0.0.0.0.0.0.0.0.0..1 | return value |
|ap_return_79  | out |     16| ap_ctrl_hs | dense_latency.0.0.0.0.0.0.0.0.0.0.0.0.0.0.0.0.0.0.0.0.0.0.0.0.0.0.0.0.0.0.0.0.0..1 | return value |
|ap_return_80  | out |     16| ap_ctrl_hs | dense_latency.0.0.0.0.0.0.0.0.0.0.0.0.0.0.0.0.0.0.0.0.0.0.0.0.0.0.0.0.0.0.0.0.0..1 | return value |
|ap_return_81  | out |     16| ap_ctrl_hs | dense_latency.0.0.0.0.0.0.0.0.0.0.0.0.0.0.0.0.0.0.0.0.0.0.0.0.0.0.0.0.0.0.0.0.0..1 | return value |
|ap_return_82  | out |     16| ap_ctrl_hs | dense_latency.0.0.0.0.0.0.0.0.0.0.0.0.0.0.0.0.0.0.0.0.0.0.0.0.0.0.0.0.0.0.0.0.0..1 | return value |
|ap_return_83  | out |     16| ap_ctrl_hs | dense_latency.0.0.0.0.0.0.0.0.0.0.0.0.0.0.0.0.0.0.0.0.0.0.0.0.0.0.0.0.0.0.0.0.0..1 | return value |
|ap_return_84  | out |     16| ap_ctrl_hs | dense_latency.0.0.0.0.0.0.0.0.0.0.0.0.0.0.0.0.0.0.0.0.0.0.0.0.0.0.0.0.0.0.0.0.0..1 | return value |
|ap_return_85  | out |     16| ap_ctrl_hs | dense_latency.0.0.0.0.0.0.0.0.0.0.0.0.0.0.0.0.0.0.0.0.0.0.0.0.0.0.0.0.0.0.0.0.0..1 | return value |
|ap_return_86  | out |     16| ap_ctrl_hs | dense_latency.0.0.0.0.0.0.0.0.0.0.0.0.0.0.0.0.0.0.0.0.0.0.0.0.0.0.0.0.0.0.0.0.0..1 | return value |
|ap_return_87  | out |     16| ap_ctrl_hs | dense_latency.0.0.0.0.0.0.0.0.0.0.0.0.0.0.0.0.0.0.0.0.0.0.0.0.0.0.0.0.0.0.0.0.0..1 | return value |
|ap_return_88  | out |     16| ap_ctrl_hs | dense_latency.0.0.0.0.0.0.0.0.0.0.0.0.0.0.0.0.0.0.0.0.0.0.0.0.0.0.0.0.0.0.0.0.0..1 | return value |
|ap_return_89  | out |     16| ap_ctrl_hs | dense_latency.0.0.0.0.0.0.0.0.0.0.0.0.0.0.0.0.0.0.0.0.0.0.0.0.0.0.0.0.0.0.0.0.0..1 | return value |
|ap_return_90  | out |     16| ap_ctrl_hs | dense_latency.0.0.0.0.0.0.0.0.0.0.0.0.0.0.0.0.0.0.0.0.0.0.0.0.0.0.0.0.0.0.0.0.0..1 | return value |
|ap_return_91  | out |     16| ap_ctrl_hs | dense_latency.0.0.0.0.0.0.0.0.0.0.0.0.0.0.0.0.0.0.0.0.0.0.0.0.0.0.0.0.0.0.0.0.0..1 | return value |
|ap_return_92  | out |     16| ap_ctrl_hs | dense_latency.0.0.0.0.0.0.0.0.0.0.0.0.0.0.0.0.0.0.0.0.0.0.0.0.0.0.0.0.0.0.0.0.0..1 | return value |
|ap_return_93  | out |     16| ap_ctrl_hs | dense_latency.0.0.0.0.0.0.0.0.0.0.0.0.0.0.0.0.0.0.0.0.0.0.0.0.0.0.0.0.0.0.0.0.0..1 | return value |
|ap_return_94  | out |     16| ap_ctrl_hs | dense_latency.0.0.0.0.0.0.0.0.0.0.0.0.0.0.0.0.0.0.0.0.0.0.0.0.0.0.0.0.0.0.0.0.0..1 | return value |
|ap_return_95  | out |     16| ap_ctrl_hs | dense_latency.0.0.0.0.0.0.0.0.0.0.0.0.0.0.0.0.0.0.0.0.0.0.0.0.0.0.0.0.0.0.0.0.0..1 | return value |
|ap_return_96  | out |     16| ap_ctrl_hs | dense_latency.0.0.0.0.0.0.0.0.0.0.0.0.0.0.0.0.0.0.0.0.0.0.0.0.0.0.0.0.0.0.0.0.0..1 | return value |
|ap_return_97  | out |     16| ap_ctrl_hs | dense_latency.0.0.0.0.0.0.0.0.0.0.0.0.0.0.0.0.0.0.0.0.0.0.0.0.0.0.0.0.0.0.0.0.0..1 | return value |
|ap_return_98  | out |     16| ap_ctrl_hs | dense_latency.0.0.0.0.0.0.0.0.0.0.0.0.0.0.0.0.0.0.0.0.0.0.0.0.0.0.0.0.0.0.0.0.0..1 | return value |
|ap_return_99  | out |     16| ap_ctrl_hs | dense_latency.0.0.0.0.0.0.0.0.0.0.0.0.0.0.0.0.0.0.0.0.0.0.0.0.0.0.0.0.0.0.0.0.0..1 | return value |
|data_V_read   |  in |  12544|   ap_none  |                                     data_V_read                                    |    scalar    |
+--------------+-----+-------+------------+------------------------------------------------------------------------------------+--------------+

