

================================================================
== Vivado HLS Report for 'k2c_dot'
================================================================
* Date:           Mon Apr 15 13:14:35 2024

* Version:        2018.2 (Build 2258646 on Thu Jun 14 20:25:20 MDT 2018)
* Project:        vlsiModel
* Solution:       solution1
* Product family: artix7
* Target device:  xc7a200tfbg676-2


================================================================
== Performance Estimates
================================================================
+ Timing (ns): 
    * Summary: 
    +--------+-------+----------+------------+
    |  Clock | Target| Estimated| Uncertainty|
    +--------+-------+----------+------------+
    |ap_clk  |  10.00|     8.609|        1.25|
    +--------+-------+----------+------------+

+ Latency (clock cycles): 
    * Summary: 
    +-----+-----+-----+-----+---------+
    |  Latency  |  Interval | Pipeline|
    | min | max | min | max |   Type  |
    +-----+-----+-----+-----+---------+
    |    ?|    ?|    ?|    ?|   none  |
    +-----+-----+-----+-----+---------+

    + Detail: 
        * Instance: 
        +------------------------+-------------+-----+-----+-----+-----+---------+
        |                        |             |  Latency  |  Interval | Pipeline|
        |        Instance        |    Module   | min | max | min | max |   Type  |
        +------------------------+-------------+-----+-----+-----+-----+---------+
        |grp_k2c_matmul_fu_595   |k2c_matmul   |    ?|    ?|    ?|    ?|   none  |
        |grp_k2c_sub2idx_fu_607  |k2c_sub2idx  |    ?|    ?|    ?|    ?|   none  |
        +------------------------+-------------+-----+-----+-----+-----+---------+

        * Loop: 
        +-------------+-----+-----+----------+-----------+-----------+------+----------+
        |             |  Latency  | Iteration|  Initiation Interval  | Trip |          |
        |  Loop Name  | min | max |  Latency |  achieved |   target  | Count| Pipelined|
        +-------------+-----+-----+----------+-----------+-----------+------+----------+
        |- Loop 1     |    ?|    ?|         1|          -|          -|     ?|    no    |
        |- Loop 2     |    ?|    ?|         1|          -|          -|     ?|    no    |
        |- Loop 3     |    ?|    ?|         2|          -|          -|     ?|    no    |
        |- Loop 4     |    ?|    ?|         1|          -|          -|     ?|    no    |
        |- Loop 5     |    ?|    ?|         2|          -|          -|     ?|    no    |
        |- Loop 6     |    ?|    ?|         3|          -|          -|     ?|    no    |
        |- Loop 7     |    ?|    ?|         3|          -|          -|     ?|    no    |
        |- Loop 8     |    ?|    ?|         ?|          -|          -|     ?|    no    |
        | + Loop 8.1  |    ?|    ?|        69|          -|          -|     ?|    no    |
        | + Loop 8.2  |    ?|    ?|         3|          -|          -|     ?|    no    |
        |- Loop 9     |    ?|    ?|         ?|          -|          -|     ?|    no    |
        | + Loop 9.1  |    ?|    ?|        69|          -|          -|     ?|    no    |
        | + Loop 9.2  |    ?|    ?|         3|          -|          -|     ?|    no    |
        +-------------+-----+-----+----------+-----------+-----------+------+----------+



================================================================
== Utilization Estimates
================================================================
* Summary: 
+-----------------+---------+-------+--------+--------+
|       Name      | BRAM_18K| DSP48E|   FF   |   LUT  |
+-----------------+---------+-------+--------+--------+
|DSP              |        -|      -|       -|       -|
|Expression       |        -|      -|       0|    1140|
|FIFO             |        -|      -|       -|       -|
|Instance         |        -|     40|    6910|    4385|
|Memory           |       16|      -|    1024|      40|
|Multiplexer      |        -|      -|       -|    1590|
|Register         |        -|      -|    1587|       -|
+-----------------+---------+-------+--------+--------+
|Total            |       16|     40|    9521|    7155|
+-----------------+---------+-------+--------+--------+
|Available        |      730|    740|  269200|  129000|
+-----------------+---------+-------+--------+--------+
|Utilization (%)  |        2|      5|       3|       5|
+-----------------+---------+-------+--------+--------+

+ Detail: 
    * Instance: 
    +--------------------------+----------------------+---------+-------+------+------+
    |         Instance         |        Module        | BRAM_18K| DSP48E|  FF  |  LUT |
    +--------------------------+----------------------+---------+-------+------+------+
    |grp_k2c_matmul_fu_595     |k2c_matmul            |        0|     24|  1471|  1098|
    |grp_k2c_sub2idx_fu_607    |k2c_sub2idx           |        0|     16|   765|   473|
    |vlsiModel_udiv_64hbi_U83  |vlsiModel_udiv_64hbi  |        0|      0|   779|   469|
    |vlsiModel_udiv_64hbi_U84  |vlsiModel_udiv_64hbi  |        0|      0|   779|   469|
    |vlsiModel_udiv_64hbi_U86  |vlsiModel_udiv_64hbi  |        0|      0|   779|   469|
    |vlsiModel_udiv_64hbi_U88  |vlsiModel_udiv_64hbi  |        0|      0|   779|   469|
    |vlsiModel_urem_64jbC_U85  |vlsiModel_urem_64jbC  |        0|      0|   779|   469|
    |vlsiModel_urem_64jbC_U87  |vlsiModel_urem_64jbC  |        0|      0|   779|   469|
    +--------------------------+----------------------+---------+-------+------+------+
    |Total                     |                      |        0|     40|  6910|  4385|
    +--------------------------+----------------------+---------+-------+------+------+

    * DSP48: 
    N/A

    * Memory: 
    +-----------------+----------------------+---------+-----+----+------+-----+------+-------------+
    |      Memory     |        Module        | BRAM_18K|  FF | LUT| Words| Bits| Banks| W*Bits*Banks|
    +-----------------+----------------------+---------+-----+----+------+-----+------+-------------+
    |permA_U          |k2c_dot_3_permA       |        0|  128|   5|     5|   64|     1|          320|
    |permB_U          |k2c_dot_3_permA       |        0|  128|   5|     5|   64|     1|          320|
    |freeA_U          |k2c_dot_3_permA       |        0|  128|   5|     5|   64|     1|          320|
    |freeB_U          |k2c_dot_3_permA       |        0|  128|   5|     5|   64|     1|          320|
    |newshpA_U        |k2c_dot_3_permA       |        0|  128|   5|     5|   64|     1|          320|
    |newshpB_U        |k2c_dot_3_permA       |        0|  128|   5|     5|   64|     1|          320|
    |Asub_U           |k2c_dot_3_permA       |        0|  128|   5|     5|   64|     1|          320|
    |Bsub_U           |k2c_dot_3_permA       |        0|  128|   5|     5|   64|     1|          320|
    |dense_1_fwork_U  |k2c_dot_dense_1_fncg  |       16|    0|   0|  5100|   32|     1|       163200|
    +-----------------+----------------------+---------+-----+----+------+-----+------+-------------+
    |Total            |                      |       16| 1024|  40|  5140|  544|     9|       165760|
    +-----------------+----------------------+---------+-----+----+------+-----+------+-------------+

    * FIFO: 
    N/A

    * Expression: 
    +---------------------+----------+-------+---+----+------------+------------+
    |    Variable Name    | Operation| DSP48E| FF| LUT| Bitwidth P0| Bitwidth P1|
    +---------------------+----------+-------+---+----+------------+------------+
    |count_4_fu_644_p2    |     +    |      0|  0|  71|          64|           1|
    |count_5_fu_681_p2    |     +    |      0|  0|  71|          64|           1|
    |i_14_cast_fu_710_p2  |     +    |      0|  0|  12|           2|           3|
    |i_25_fu_874_p2       |     +    |      0|  0|  71|          64|           1|
    |i_26_fu_821_p2       |     +    |      0|  0|  39|          32|           2|
    |i_27_fu_880_p2       |     +    |      0|  0|  39|          32|           2|
    |i_55_fu_629_p2       |     +    |      0|  0|  71|          64|           1|
    |i_56_fu_665_p2       |     +    |      0|  0|  71|          64|           1|
    |i_57_fu_705_p2       |     +    |      0|  0|  71|           2|          64|
    |i_58_fu_726_p2       |     +    |      0|  0|  12|           3|           1|
    |i_59_fu_742_p2       |     +    |      0|  0|  12|           3|           1|
    |i_60_fu_763_p2       |     +    |      0|  0|  12|           3|           1|
    |i_61_fu_779_p2       |     +    |      0|  0|  12|           3|           1|
    |i_62_fu_795_p2       |     +    |      0|  0|  12|           3|           1|
    |i_63_fu_809_p2       |     +    |      0|  0|  71|          64|           1|
    |j_11_fu_922_p2       |     +    |      0|  0|  12|           3|           1|
    |j_9_fu_757_p2        |     +    |      0|  0|  71|          64|           1|
    |j_fu_863_p2          |     +    |      0|  0|  12|           3|           1|
    |sum_fu_932_p2        |     +    |      0|  0|  21|          14|          14|
    |exitcond1_fu_660_p2  |   icmp   |      0|  0|  29|          64|          64|
    |exitcond3_fu_774_p2  |   icmp   |      0|  0|  29|          64|          64|
    |exitcond4_fu_804_p2  |   icmp   |      0|  0|  29|          64|          64|
    |exitcond5_fu_869_p2  |   icmp   |      0|  0|  29|          64|          64|
    |exitcond6_fu_721_p2  |   icmp   |      0|  0|  29|          64|          64|
    |exitcond7_fu_917_p2  |   icmp   |      0|  0|  29|          64|          64|
    |exitcond8_fu_858_p2  |   icmp   |      0|  0|  29|          64|          64|
    |exitcond9_fu_790_p2  |   icmp   |      0|  0|  29|          64|          64|
    |exitcond_fu_624_p2   |   icmp   |      0|  0|  29|          64|          64|
    |tmp_2_fu_635_p2      |   icmp   |      0|  0|  29|          64|          64|
    |tmp_3_fu_752_p2      |   icmp   |      0|  0|  29|          64|          64|
    |tmp_fu_671_p2        |   icmp   |      0|  0|  29|          64|           1|
    |tmp_s_fu_737_p2      |   icmp   |      0|  0|  29|          64|          64|
    +---------------------+----------+-------+---+----+------------+------------+
    |Total                |          |      0|  0|1140|        1383|         868|
    +---------------------+----------+-------+---+----+------------+------------+

    * Multiplexer: 
    +---------------------------------+-----+-----------+-----+-----------+
    |               Name              | LUT | Input Size| Bits| Total Bits|
    +---------------------------------+-----+-----------+-----+-----------+
    |A_shape_address0                 |   21|          4|    3|         12|
    |Asub_address0                    |   27|          5|    3|         15|
    |Asub_ce0                         |   15|          3|    1|          3|
    |Asub_d0                          |   15|          3|   64|        192|
    |B_shape_address0                 |   21|          4|    3|         12|
    |Bsub_address0                    |   27|          5|    3|         15|
    |Bsub_ce0                         |   15|          3|    1|          3|
    |Bsub_d0                          |   15|          3|   64|        192|
    |ap_NS_fsm                        |  993|        232|    1|        232|
    |count_2_fu_84                    |    9|          2|   64|        128|
    |count_fu_48                      |    9|          2|   64|        128|
    |dense_1_fwork_address0           |   21|          4|   13|         52|
    |dense_1_fwork_ce0                |   15|          3|    1|          3|
    |dense_1_fwork_ce1                |    9|          2|    1|          2|
    |dense_1_fwork_d0                 |   15|          3|   32|         96|
    |freeA_address0                   |   15|          3|    3|          9|
    |freeB_address0                   |   15|          3|    3|          9|
    |grp_k2c_sub2idx_fu_607_ndim      |   15|          3|   64|        192|
    |grp_k2c_sub2idx_fu_607_shape_q0  |   15|          3|   64|        192|
    |grp_k2c_sub2idx_fu_607_sub_q0    |   15|          3|   64|        192|
    |i_0_in_i3_reg_575                |    9|          2|   32|         64|
    |i_0_in_i_reg_531                 |    9|          2|   32|         64|
    |i_1_reg_430                      |    9|          2|   64|        128|
    |i_4_reg_442                      |    9|          2|    3|          6|
    |i_5_reg_453                      |    9|          2|    3|          6|
    |i_7_reg_462                      |    9|          2|    3|          6|
    |i_8_reg_485                      |    9|          2|    3|          6|
    |i_9_reg_496                      |    9|          2|    3|          6|
    |i_reg_418                        |    9|          2|   64|        128|
    |idx2_10_reg_507                  |    9|          2|   64|        128|
    |idx2_11_reg_551                  |    9|          2|   64|        128|
    |idx2_i2_reg_564                  |    9|          2|   64|        128|
    |idx2_i_reg_520                   |    9|          2|   64|        128|
    |j_3_reg_473                      |    9|          2|   64|        128|
    |j_4_reg_540                      |    9|          2|    3|          6|
    |j_5_reg_584                      |    9|          2|    3|          6|
    |newshpA_address0                 |   15|          3|    3|          9|
    |newshpA_ce0                      |   15|          3|    1|          3|
    |newshpB_address0                 |   15|          3|    3|          9|
    |newshpB_ce0                      |   15|          3|    1|          3|
    |permA_address0                   |   27|          5|    3|         15|
    |permA_d0                         |   15|          3|   64|        192|
    |permB_address0                   |   27|          5|    3|         15|
    |permB_d0                         |   15|          3|   64|        192|
    +---------------------------------+-----+-----------+-----+-----------+
    |Total                            | 1590|        353| 1191|       3183|
    +---------------------------------+-----+-----------+-----+-----------+

    * Register: 
    +-------------------------------------+-----+----+-----+-----------+
    |                 Name                |  FF | LUT| Bits| Const Bits|
    +-------------------------------------+-----+----+-----+-----------+
    |A_shape_load_reg_1031                |   64|   0|   64|          0|
    |ap_CS_fsm                            |  231|   0|  231|          0|
    |count_2_fu_84                        |   64|   0|   64|          0|
    |count_fu_48                          |   64|   0|   64|          0|
    |free_axesA_reg_1037                  |   64|   0|   64|          0|
    |free_axesB_reg_1042                  |   64|   0|   64|          0|
    |grp_k2c_matmul_fu_595_ap_start_reg   |    1|   0|    1|          0|
    |grp_k2c_sub2idx_fu_607_ap_start_reg  |    1|   0|    1|          0|
    |i_0_in_i3_reg_575                    |   32|   0|   32|          0|
    |i_0_in_i_reg_531                     |   32|   0|   32|          0|
    |i_14_cast_reg_1052                   |    3|   0|    3|          0|
    |i_1_reg_430                          |   64|   0|   64|          0|
    |i_25_reg_1235                        |   64|   0|   64|          0|
    |i_26_reg_1175                        |   32|   0|   32|          0|
    |i_27_reg_1240                        |   32|   0|   32|          0|
    |i_4_cast_reg_1057                    |    3|   0|   64|         61|
    |i_4_reg_442                          |    3|   0|    3|          0|
    |i_57_reg_1047                        |   64|   0|   64|          0|
    |i_58_reg_1065                        |    3|   0|    3|          0|
    |i_5_reg_453                          |    3|   0|    3|          0|
    |i_60_reg_1101                        |    3|   0|    3|          0|
    |i_61_reg_1114                        |    3|   0|    3|          0|
    |i_62_reg_1137                        |    3|   0|    3|          0|
    |i_63_reg_1160                        |   64|   0|   64|          0|
    |i_7_cast_reg_1083                    |    3|   0|   64|         61|
    |i_7_reg_462                          |    3|   0|    3|          0|
    |i_8_cast_reg_1106                    |    3|   0|   64|         61|
    |i_8_reg_485                          |    3|   0|    3|          0|
    |i_9_cast_reg_1129                    |    3|   0|   64|         61|
    |i_9_reg_496                          |    3|   0|    3|          0|
    |i_reg_418                            |   64|   0|   64|          0|
    |idx2_10_reg_507                      |   64|   0|   64|          0|
    |idx2_11_reg_551                      |   64|   0|   64|          0|
    |idx2_i2_reg_564                      |   64|   0|   64|          0|
    |idx2_i_reg_520                       |   64|   0|   64|          0|
    |j_11_reg_1271                        |    3|   0|    3|          0|
    |j_3_reg_473                          |   64|   0|   64|          0|
    |j_4_cast_reg_1204                    |    3|   0|   64|         61|
    |j_4_reg_540                          |    3|   0|    3|          0|
    |j_5_cast_reg_1263                    |    3|   0|   64|         61|
    |j_5_reg_584                          |    3|   0|    3|          0|
    |j_9_reg_1091                         |   64|   0|   64|          0|
    |j_reg_1212                           |    3|   0|    3|          0|
    |tmp_15_i6_reg_1248                   |   32|   0|   64|         32|
    |tmp_15_i_reg_1183                    |   32|   0|   64|         32|
    |tmp_61_reg_1147                      |   32|   0|   32|          0|
    |tmp_62_reg_1165                      |   32|   0|   32|          0|
    |tmp_63_reg_1170                      |   14|   0|   14|          0|
    +-------------------------------------+-----+----+-----+-----------+
    |Total                                | 1587|   0| 2017|        430|
    +-------------------------------------+-----+----+-----+-----------+



================================================================
== Interface
================================================================
* Summary: 
+------------------+-----+-----+------------+--------------+--------------+
|     RTL Ports    | Dir | Bits|  Protocol  | Source Object|    C Type    |
+------------------+-----+-----+------------+--------------+--------------+
|ap_clk            |  in |    1| ap_ctrl_hs |    k2c_dot   | return value |
|ap_rst            |  in |    1| ap_ctrl_hs |    k2c_dot   | return value |
|ap_start          |  in |    1| ap_ctrl_hs |    k2c_dot   | return value |
|ap_done           | out |    1| ap_ctrl_hs |    k2c_dot   | return value |
|ap_idle           | out |    1| ap_ctrl_hs |    k2c_dot   | return value |
|ap_ready          | out |    1| ap_ctrl_hs |    k2c_dot   | return value |
|C_array_address0  | out |   17|  ap_memory |    C_array   |     array    |
|C_array_ce0       | out |    1|  ap_memory |    C_array   |     array    |
|C_array_we0       | out |    1|  ap_memory |    C_array   |     array    |
|C_array_d0        | out |   32|  ap_memory |    C_array   |     array    |
|C_array_q0        |  in |   32|  ap_memory |    C_array   |     array    |
|A_array_address0  | out |   17|  ap_memory |    A_array   |     array    |
|A_array_ce0       | out |    1|  ap_memory |    A_array   |     array    |
|A_array_q0        |  in |   32|  ap_memory |    A_array   |     array    |
|A_ndim_read       |  in |   64|   ap_none  |  A_ndim_read |    scalar    |
|A_numel_read      |  in |   64|   ap_none  | A_numel_read |    scalar    |
|A_shape_address0  | out |    3|  ap_memory |    A_shape   |     array    |
|A_shape_ce0       | out |    1|  ap_memory |    A_shape   |     array    |
|A_shape_q0        |  in |   64|  ap_memory |    A_shape   |     array    |
|B_array_address0  | out |   17|  ap_memory |    B_array   |     array    |
|B_array_ce0       | out |    1|  ap_memory |    B_array   |     array    |
|B_array_q0        |  in |   32|  ap_memory |    B_array   |     array    |
|B_ndim_read       |  in |   64|   ap_none  |  B_ndim_read |    scalar    |
|B_numel_read      |  in |   64|   ap_none  | B_numel_read |    scalar    |
|B_shape_address0  | out |    3|  ap_memory |    B_shape   |     array    |
|B_shape_ce0       | out |    1|  ap_memory |    B_shape   |     array    |
|B_shape_q0        |  in |   64|  ap_memory |    B_shape   |     array    |
|axesA_0_read      |  in |   64|   ap_none  | axesA_0_read |    scalar    |
+------------------+-----+-----+------------+--------------+--------------+

