

================================================================
== Vivado HLS Report for 'k2c_matmul_2'
================================================================
* Date:           Thu Apr 18 00:48:45 2024

* Version:        2018.2 (Build 2258646 on Thu Jun 14 20:25:20 MDT 2018)
* Project:        vlsiModel
* Solution:       solution1
* Product family: artix7
* Target device:  xc7a200tfbg676-2


================================================================
== Performance Estimates
================================================================
+ Timing (ns): 
    * Summary: 
    +--------+-------+----------+------------+
    |  Clock | Target| Estimated| Uncertainty|
    +--------+-------+----------+------------+
    |ap_clk  |  10.00|     8.609|        1.25|
    +--------+-------+----------+------------+

+ Latency (clock cycles): 
    * Summary: 
    +-----+-----+-----+-----+---------+
    |  Latency  |  Interval | Pipeline|
    | min | max | min | max |   Type  |
    +-----+-----+-----+-----+---------+
    |    ?|    ?|    ?|    ?|   none  |
    +-----+-----+-----+-----+---------+

    + Detail: 
        * Instance: 
        N/A

        * Loop: 
        +-----------------+-----+-----+----------+-----------+-----------+------+----------+
        |                 |  Latency  | Iteration|  Initiation Interval  | Trip |          |
        |    Loop Name    | min | max |  Latency |  achieved |   target  | Count| Pipelined|
        +-----------------+-----+-----+----------+-----------+-----------+------+----------+
        |- Loop 1         |    ?|    ?|         1|          -|          -|     ?|    no    |
        |- Loop 2         |    ?|    ?|         ?|          -|          -|     ?|    no    |
        | + Loop 2.1      |    ?|    ?|         ?|          -|          -|     ?|    no    |
        |  ++ Loop 2.1.1  |    ?|    ?|        10|          -|          -|     ?|    no    |
        +-----------------+-----+-----+----------+-----------+-----------+------+----------+



================================================================
== Utilization Estimates
================================================================
* Summary: 
+-----------------+---------+-------+--------+--------+
|       Name      | BRAM_18K| DSP48E|   FF   |   LUT  |
+-----------------+---------+-------+--------+--------+
|DSP              |        -|      2|       -|       -|
|Expression       |        -|      0|       0|     422|
|FIFO             |        -|      -|       -|       -|
|Instance         |        -|     21|     694|     527|
|Memory           |        -|      -|       -|       -|
|Multiplexer      |        -|      -|       -|     131|
|Register         |        -|      -|     652|       -|
+-----------------+---------+-------+--------+--------+
|Total            |        0|     23|    1346|    1080|
+-----------------+---------+-------+--------+--------+
|Available        |      730|    740|  269200|  129000|
+-----------------+---------+-------+--------+--------+
|Utilization (%)  |        0|      3|   ~0   |   ~0   |
+-----------------+---------+-------+--------+--------+

+ Detail: 
    * Instance: 
    +---------------------------+----------------------+---------+-------+-----+-----+
    |          Instance         |        Module        | BRAM_18K| DSP48E|  FF | LUT |
    +---------------------------+----------------------+---------+-------+-----+-----+
    |vlsiModel_fadd_32cud_U126  |vlsiModel_fadd_32cud  |        0|      2|  205|  203|
    |vlsiModel_fmul_32dEe_U127  |vlsiModel_fmul_32dEe  |        0|      3|  128|  129|
    |vlsiModel_mul_64sbkb_U128  |vlsiModel_mul_64sbkb  |        0|     16|  361|  195|
    +---------------------------+----------------------+---------+-------+-----+-----+
    |Total                      |                      |        0|     21|  694|  527|
    +---------------------------+----------------------+---------+-------+-----+-----+

    * DSP48: 
    +---------------------------+----------------------+--------------+
    |          Instance         |        Module        |  Expression  |
    +---------------------------+----------------------+--------------+
    |vlsiModel_mac_mulwdI_U130  |vlsiModel_mac_mulwdI  | i0 * i1 + i2 |
    |vlsiModel_mul_mulvdy_U129  |vlsiModel_mul_mulvdy  |    i0 * i1   |
    +---------------------------+----------------------+--------------+

    * Memory: 
    N/A

    * FIFO: 
    N/A

    * Expression: 
    +---------------------+----------+-------+---+----+------------+------------+
    |    Variable Name    | Operation| DSP48E| FF| LUT| Bitwidth P0| Bitwidth P1|
    +---------------------+----------+-------+---+----+------------+------------+
    |outrowidx_fu_200_p2  |     *    |      0|  0|  25|           6|           6|
    |a10_fu_163_p2        |     +    |      0|  0|  15|           5|           1|
    |i_4_fu_194_p2        |     +    |      0|  0|  71|           1|          64|
    |j_2_fu_243_p2        |     +    |      0|  0|  71|           1|          64|
    |k_2_fu_214_p2        |     +    |      0|  0|  71|           1|          64|
    |sum2_fu_259_p2       |     +    |      0|  0|  15|           6|           6|
    |sum3_fu_249_p2       |     +    |      0|  0|  19|          12|          12|
    |sum_fu_220_p2        |     +    |      0|  0|  19|          12|          12|
    |exitcond1_fu_209_p2  |   icmp   |      0|  0|  29|          64|          64|
    |exitcond2_fu_189_p2  |   icmp   |      0|  0|  29|          64|          64|
    |exitcond3_fu_158_p2  |   icmp   |      0|  0|  29|          64|          64|
    |exitcond_fu_238_p2   |   icmp   |      0|  0|  29|          64|          64|
    +---------------------+----------+-------+---+----+------------+------------+
    |Total                |          |      0|  0| 422|         300|         485|
    +---------------------+----------+-------+---+----+------------+------------+

    * Multiplexer: 
    +------------+----+-----------+-----+-----------+
    |    Name    | LUT| Input Size| Bits| Total Bits|
    +------------+----+-----------+-----+-----------+
    |C_address0  |  15|          3|    5|         15|
    |C_d0        |  15|          3|   32|         96|
    |a_reg_93    |   9|          2|    5|         10|
    |ap_NS_fsm   |  65|         16|    1|         16|
    |i_reg_104   |   9|          2|   64|        128|
    |j_reg_126   |   9|          2|   64|        128|
    |k_reg_115   |   9|          2|   64|        128|
    +------------+----+-----------+-----+-----------+
    |Total       | 131|         30|  235|        521|
    +------------+----+-----------+-----+-----------+

    * Register: 
    +-------------------+----+----+-----+-----------+
    |        Name       | FF | LUT| Bits| Const Bits|
    +-------------------+----+----+-----+-----------+
    |B_addr_reg_364     |  11|   0|   11|          0|
    |B_load_2_reg_392   |  32|   0|   32|          0|
    |B_load_reg_397     |  32|   0|   32|          0|
    |C_addr_2_reg_387   |   5|   0|    5|          0|
    |a_reg_93           |   5|   0|    5|          0|
    |ap_CS_fsm          |  15|   0|   15|          0|
    |i_4_reg_341        |  64|   0|   64|          0|
    |i_reg_104          |  64|   0|   64|          0|
    |inneridx_reg_351   |  12|   0|   12|          0|
    |j_2_reg_377        |  64|   0|   64|          0|
    |j_reg_126          |  64|   0|   64|          0|
    |k_2_reg_359        |  64|   0|   64|          0|
    |k_reg_115          |  64|   0|   64|          0|
    |outrowidx_reg_346  |   6|   0|    6|          0|
    |tmp1_reg_369       |  12|   0|   12|          0|
    |tmp_30_reg_318     |   6|   0|    6|          0|
    |tmp_31_reg_323     |  12|   0|   12|          0|
    |tmp_32_reg_328     |  12|   0|   12|          0|
    |tmp_33_reg_333     |  12|   0|   12|          0|
    |tmp_3_reg_402      |  32|   0|   32|          0|
    |tmp_reg_305        |  64|   0|   64|          0|
    +-------------------+----+----+-----+-----------+
    |Total              | 652|   0|  652|          0|
    +-------------------+----+----+-----+-----------+



================================================================
== Interface
================================================================
* Summary: 
+------------+-----+-----+------------+--------------+--------------+
|  RTL Ports | Dir | Bits|  Protocol  | Source Object|    C Type    |
+------------+-----+-----+------------+--------------+--------------+
|ap_clk      |  in |    1| ap_ctrl_hs | k2c_matmul.2 | return value |
|ap_rst      |  in |    1| ap_ctrl_hs | k2c_matmul.2 | return value |
|ap_start    |  in |    1| ap_ctrl_hs | k2c_matmul.2 | return value |
|ap_done     | out |    1| ap_ctrl_hs | k2c_matmul.2 | return value |
|ap_idle     | out |    1| ap_ctrl_hs | k2c_matmul.2 | return value |
|ap_ready    | out |    1| ap_ctrl_hs | k2c_matmul.2 | return value |
|C_address0  | out |    5|  ap_memory |       C      |     array    |
|C_ce0       | out |    1|  ap_memory |       C      |     array    |
|C_we0       | out |    1|  ap_memory |       C      |     array    |
|C_d0        | out |   32|  ap_memory |       C      |     array    |
|C_q0        |  in |   32|  ap_memory |       C      |     array    |
|A_address0  | out |   11|  ap_memory |       A      |     array    |
|A_ce0       | out |    1|  ap_memory |       A      |     array    |
|A_q0        |  in |   32|  ap_memory |       A      |     array    |
|A_address1  | out |   11|  ap_memory |       A      |     array    |
|A_ce1       | out |    1|  ap_memory |       A      |     array    |
|A_q1        |  in |   32|  ap_memory |       A      |     array    |
|B_offset    |  in |   64|   ap_none  |   B_offset   |    scalar    |
|outrows     |  in |   64|   ap_none  |    outrows   |    scalar    |
|outcols     |  in |   64|   ap_none  |    outcols   |    scalar    |
|innerdim    |  in |   64|   ap_none  |   innerdim   |    scalar    |
+------------+-----+-----+------------+--------------+--------------+

