

================================================================
== Vivado HLS Report for 'k2c_matmul_1'
================================================================
* Date:           Thu Apr 18 00:48:48 2024

* Version:        2018.2 (Build 2258646 on Thu Jun 14 20:25:20 MDT 2018)
* Project:        vlsiModel
* Solution:       solution1
* Product family: artix7
* Target device:  xc7a200tfbg676-2


================================================================
== Performance Estimates
================================================================
+ Timing (ns): 
    * Summary: 
    +--------+-------+----------+------------+
    |  Clock | Target| Estimated| Uncertainty|
    +--------+-------+----------+------------+
    |ap_clk  |  10.00|     8.609|        1.25|
    +--------+-------+----------+------------+

+ Latency (clock cycles): 
    * Summary: 
    +-----+-----+-----+-----+---------+
    |  Latency  |  Interval | Pipeline|
    | min | max | min | max |   Type  |
    +-----+-----+-----+-----+---------+
    |    ?|    ?|    ?|    ?|   none  |
    +-----+-----+-----+-----+---------+

    + Detail: 
        * Instance: 
        N/A

        * Loop: 
        +-----------------+-----+-----+----------+-----------+-----------+------+----------+
        |                 |  Latency  | Iteration|  Initiation Interval  | Trip |          |
        |    Loop Name    | min | max |  Latency |  achieved |   target  | Count| Pipelined|
        +-----------------+-----+-----+----------+-----------+-----------+------+----------+
        |- Loop 1         |    ?|    ?|         1|          -|          -|     ?|    no    |
        |- Loop 2         |    ?|    ?|         ?|          -|          -|     ?|    no    |
        | + Loop 2.1      |    ?|    ?|         ?|          -|          -|     ?|    no    |
        |  ++ Loop 2.1.1  |    ?|    ?|        10|          -|          -|     ?|    no    |
        +-----------------+-----+-----+----------+-----------+-----------+------+----------+



================================================================
== Utilization Estimates
================================================================
* Summary: 
+-----------------+---------+-------+--------+--------+
|       Name      | BRAM_18K| DSP48E|   FF   |   LUT  |
+-----------------+---------+-------+--------+--------+
|DSP              |        -|      2|       -|       -|
|Expression       |        -|      0|       0|     408|
|FIFO             |        -|      -|       -|       -|
|Instance         |        -|     21|     694|     527|
|Memory           |        -|      -|       -|       -|
|Multiplexer      |        -|      -|       -|     131|
|Register         |        -|      -|     636|       -|
+-----------------+---------+-------+--------+--------+
|Total            |        0|     23|    1330|    1066|
+-----------------+---------+-------+--------+--------+
|Available        |      730|    740|  269200|  129000|
+-----------------+---------+-------+--------+--------+
|Utilization (%)  |        0|      3|   ~0   |   ~0   |
+-----------------+---------+-------+--------+--------+

+ Detail: 
    * Instance: 
    +---------------------------+----------------------+---------+-------+-----+-----+
    |          Instance         |        Module        | BRAM_18K| DSP48E|  FF | LUT |
    +---------------------------+----------------------+---------+-------+-----+-----+
    |vlsiModel_fadd_32cud_U184  |vlsiModel_fadd_32cud  |        0|      2|  205|  203|
    |vlsiModel_fmul_32dEe_U185  |vlsiModel_fmul_32dEe  |        0|      3|  128|  129|
    |vlsiModel_mul_64sbkb_U186  |vlsiModel_mul_64sbkb  |        0|     16|  361|  195|
    +---------------------------+----------------------+---------+-------+-----+-----+
    |Total                      |                      |        0|     21|  694|  527|
    +---------------------------+----------------------+---------+-------+-----+-----+

    * DSP48: 
    +---------------------------+----------------------+--------------+
    |          Instance         |        Module        |  Expression  |
    +---------------------------+----------------------+--------------+
    |vlsiModel_mac_mulCeG_U188  |vlsiModel_mac_mulCeG  | i0 * i1 + i2 |
    |vlsiModel_mul_mulBew_U187  |vlsiModel_mul_mulBew  |    i0 * i1   |
    +---------------------------+----------------------+--------------+

    * Memory: 
    N/A

    * FIFO: 
    N/A

    * Expression: 
    +---------------------+----------+-------+---+----+------------+------------+
    |    Variable Name    | Operation| DSP48E| FF| LUT| Bitwidth P0| Bitwidth P1|
    +---------------------+----------+-------+---+----+------------+------------+
    |outrowidx_fu_200_p2  |     *    |      0|  0|  17|           5|           5|
    |a10_fu_163_p2        |     +    |      0|  0|  13|           4|           1|
    |i_4_fu_194_p2        |     +    |      0|  0|  71|           1|          64|
    |j_2_fu_243_p2        |     +    |      0|  0|  71|           1|          64|
    |k_2_fu_214_p2        |     +    |      0|  0|  71|           1|          64|
    |sum2_fu_259_p2       |     +    |      0|  0|  15|           5|           5|
    |sum3_fu_249_p2       |     +    |      0|  0|  17|          10|          10|
    |sum_fu_220_p2        |     +    |      0|  0|  17|          10|          10|
    |exitcond1_fu_209_p2  |   icmp   |      0|  0|  29|          64|          64|
    |exitcond2_fu_189_p2  |   icmp   |      0|  0|  29|          64|          64|
    |exitcond3_fu_158_p2  |   icmp   |      0|  0|  29|          64|          64|
    |exitcond_fu_238_p2   |   icmp   |      0|  0|  29|          64|          64|
    +---------------------+----------+-------+---+----+------------+------------+
    |Total                |          |      0|  0| 408|         293|         479|
    +---------------------+----------+-------+---+----+------------+------------+

    * Multiplexer: 
    +------------+----+-----------+-----+-----------+
    |    Name    | LUT| Input Size| Bits| Total Bits|
    +------------+----+-----------+-----+-----------+
    |C_address0  |  15|          3|    4|         12|
    |C_d0        |  15|          3|   32|         96|
    |a_reg_93    |   9|          2|    4|          8|
    |ap_NS_fsm   |  65|         16|    1|         16|
    |i_reg_104   |   9|          2|   64|        128|
    |j_reg_126   |   9|          2|   64|        128|
    |k_reg_115   |   9|          2|   64|        128|
    +------------+----+-----------+-----+-----------+
    |Total       | 131|         30|  233|        516|
    +------------+----+-----------+-----+-----------+

    * Register: 
    +-------------------+----+----+-----+-----------+
    |        Name       | FF | LUT| Bits| Const Bits|
    +-------------------+----+----+-----+-----------+
    |B_addr_reg_364     |   9|   0|    9|          0|
    |B_load_3_reg_392   |  32|   0|   32|          0|
    |B_load_reg_397     |  32|   0|   32|          0|
    |C_addr_3_reg_387   |   4|   0|    4|          0|
    |a_reg_93           |   4|   0|    4|          0|
    |ap_CS_fsm          |  15|   0|   15|          0|
    |i_4_reg_341        |  64|   0|   64|          0|
    |i_reg_104          |  64|   0|   64|          0|
    |inneridx_reg_351   |  10|   0|   10|          0|
    |j_2_reg_377        |  64|   0|   64|          0|
    |j_reg_126          |  64|   0|   64|          0|
    |k_2_reg_359        |  64|   0|   64|          0|
    |k_reg_115          |  64|   0|   64|          0|
    |outrowidx_reg_346  |   5|   0|    5|          0|
    |tmp1_reg_369       |  10|   0|   10|          0|
    |tmp_39_reg_318     |   5|   0|    5|          0|
    |tmp_3_reg_402      |  32|   0|   32|          0|
    |tmp_40_reg_323     |  10|   0|   10|          0|
    |tmp_41_reg_328     |  10|   0|   10|          0|
    |tmp_42_reg_333     |  10|   0|   10|          0|
    |tmp_reg_305        |  64|   0|   64|          0|
    +-------------------+----+----+-----+-----------+
    |Total              | 636|   0|  636|          0|
    +-------------------+----+----+-----+-----------+



================================================================
== Interface
================================================================
* Summary: 
+------------+-----+-----+------------+--------------+--------------+
|  RTL Ports | Dir | Bits|  Protocol  | Source Object|    C Type    |
+------------+-----+-----+------------+--------------+--------------+
|ap_clk      |  in |    1| ap_ctrl_hs | k2c_matmul.1 | return value |
|ap_rst      |  in |    1| ap_ctrl_hs | k2c_matmul.1 | return value |
|ap_start    |  in |    1| ap_ctrl_hs | k2c_matmul.1 | return value |
|ap_done     | out |    1| ap_ctrl_hs | k2c_matmul.1 | return value |
|ap_idle     | out |    1| ap_ctrl_hs | k2c_matmul.1 | return value |
|ap_ready    | out |    1| ap_ctrl_hs | k2c_matmul.1 | return value |
|C_address0  | out |    4|  ap_memory |       C      |     array    |
|C_ce0       | out |    1|  ap_memory |       C      |     array    |
|C_we0       | out |    1|  ap_memory |       C      |     array    |
|C_d0        | out |   32|  ap_memory |       C      |     array    |
|C_q0        |  in |   32|  ap_memory |       C      |     array    |
|A_address0  | out |    9|  ap_memory |       A      |     array    |
|A_ce0       | out |    1|  ap_memory |       A      |     array    |
|A_q0        |  in |   32|  ap_memory |       A      |     array    |
|A_address1  | out |    9|  ap_memory |       A      |     array    |
|A_ce1       | out |    1|  ap_memory |       A      |     array    |
|A_q1        |  in |   32|  ap_memory |       A      |     array    |
|B_offset    |  in |   64|   ap_none  |   B_offset   |    scalar    |
|outrows     |  in |   64|   ap_none  |    outrows   |    scalar    |
|outcols     |  in |   64|   ap_none  |    outcols   |    scalar    |
|innerdim    |  in |   64|   ap_none  |   innerdim   |    scalar    |
+------------+-----+-----+------------+--------------+--------------+

============================================================
+ Verbose Summary: Synthesis Manager
============================================================
InlineROM: 1
ExposeGlobal: 0
============================================================
+ Verbose Summary: CDFG Model
============================================================
IsTopModel: 0
ResetActiveHigh: 1
IsCombinational: 2
IsDatapathOnly: 2
HasWiredReturn: 1
HasMFsm: 0
HasVarLatency: 1
IsPipeline: 0
IsRtlPipelined: 0
IsInstanceOverlapped: 0
IsDontTouch: 0
HasImplIP: 0
IsGatedGlobalClock: 0


============================================================
+ Verbose Summary: Schedule
============================================================
* Number of FSM states : 15
* Pipeline : 0
* Dataflow Pipeline: 0

* FSM state transitions: 
1 --> 
	2  / true
2 --> 
	3  / true
3 --> 
	3  / (!exitcond3)
	4  / (exitcond3)
4 --> 
	5  / (!exitcond2)
5 --> 
	6  / (!exitcond1)
	4  / (exitcond1)
6 --> 
	7  / (!exitcond)
	5  / (exitcond)
7 --> 
	8  / true
8 --> 
	9  / true
9 --> 
	10  / true
10 --> 
	11  / true
11 --> 
	12  / true
12 --> 
	13  / true
13 --> 
	14  / true
14 --> 
	15  / true
15 --> 
	6  / true

* FSM state operations: 

State 1 <SV = 0> <Delay = 8.60>
ST_1 : Operation 16 [1/1] (0.00ns)   --->   "%outcols_read = call i64 @_ssdm_op_Read.ap_auto.i64(i64 %outcols)"   --->   Operation 16 'read' 'outcols_read' <Predicate = true> <Delay = 0.00>
ST_1 : Operation 17 [1/1] (0.00ns)   --->   "%outrows_read = call i64 @_ssdm_op_Read.ap_auto.i64(i64 %outrows)"   --->   Operation 17 'read' 'outrows_read' <Predicate = true> <Delay = 0.00>
ST_1 : Operation 18 [2/2] (8.60ns)   --->   "%tmp = mul i64 %outcols_read, %outrows_read" [vlsiModel.c:99]   --->   Operation 18 'mul' 'tmp' <Predicate = true> <Delay = 8.60> <Core = "MulnS">   --->   Core 17 'MulnS' <Latency = 1> <II = 1> <Delay = 8.60> <FuncUnit> <Opcode : 'mul'> <InPorts = 2> <OutPorts = 1>

State 2 <SV = 1> <Delay = 8.60>
ST_2 : Operation 19 [1/1] (0.00ns)   --->   "%innerdim_read = call i64 @_ssdm_op_Read.ap_auto.i64(i64 %innerdim)"   --->   Operation 19 'read' 'innerdim_read' <Predicate = true> <Delay = 0.00>
ST_2 : Operation 20 [1/1] (0.00ns)   --->   "%B_offset_read = call i64 @_ssdm_op_Read.ap_auto.i64(i64 %B_offset)"   --->   Operation 20 'read' 'B_offset_read' <Predicate = true> <Delay = 0.00>
ST_2 : Operation 21 [1/2] (8.60ns)   --->   "%tmp = mul i64 %outcols_read, %outrows_read" [vlsiModel.c:99]   --->   Operation 21 'mul' 'tmp' <Predicate = true> <Delay = 8.60> <Core = "MulnS">   --->   Core 17 'MulnS' <Latency = 1> <II = 1> <Delay = 8.60> <FuncUnit> <Opcode : 'mul'> <InPorts = 2> <OutPorts = 1>
ST_2 : Operation 22 [1/1] (1.35ns)   --->   "br label %1" [vlsiModel.c:99]   --->   Operation 22 'br' <Predicate = true> <Delay = 1.35>

State 3 <SV = 2> <Delay = 2.34>
ST_3 : Operation 23 [1/1] (0.00ns)   --->   "%a = phi i4 [ 0, %0 ], [ %a10, %2 ]"   --->   Operation 23 'phi' 'a' <Predicate = true> <Delay = 0.00>
ST_3 : Operation 24 [1/1] (0.00ns)   --->   "%a_cast = zext i4 %a to i64" [vlsiModel.c:99]   --->   Operation 24 'zext' 'a_cast' <Predicate = true> <Delay = 0.00>
ST_3 : Operation 25 [1/1] (2.34ns)   --->   "%exitcond3 = icmp eq i64 %a_cast, %tmp" [vlsiModel.c:99]   --->   Operation 25 'icmp' 'exitcond3' <Predicate = true> <Delay = 2.34> <Core = "Cmp">   --->   Core 25 'Cmp' <Latency = 0> <II = 1> <Delay = 2.34> <FuncUnit> <Opcode : 'icmp'> <InPorts = 2> <OutPorts = 1>
ST_3 : Operation 26 [1/1] (1.49ns)   --->   "%a10 = add i4 %a, 1" [vlsiModel.c:99]   --->   Operation 26 'add' 'a10' <Predicate = true> <Delay = 1.49> <Core = "AddSub">   --->   Core 14 'AddSub' <Latency = 0> <II = 1> <Delay = 1.74> <FuncUnit> <Opcode : 'add' 'sub'> <InPorts = 2> <OutPorts = 1>
ST_3 : Operation 27 [1/1] (0.00ns)   --->   "br i1 %exitcond3, label %.preheader4.preheader, label %2" [vlsiModel.c:99]   --->   Operation 27 'br' <Predicate = true> <Delay = 0.00>
ST_3 : Operation 28 [1/1] (0.00ns)   --->   "%C_addr = getelementptr [10 x float]* %C, i64 0, i64 %a_cast" [vlsiModel.c:101]   --->   Operation 28 'getelementptr' 'C_addr' <Predicate = (!exitcond3)> <Delay = 0.00>
ST_3 : Operation 29 [1/1] (1.75ns)   --->   "store float 0.000000e+00, float* %C_addr, align 4" [vlsiModel.c:101]   --->   Operation 29 'store' <Predicate = (!exitcond3)> <Delay = 1.75> <Core = "RAM">   --->   Core 37 'RAM' <Latency = 1> <II = 1> <Delay = 2.77> <Storage> <Opcode : 'load' 'store'> <Ports = 2> <Width = 32> <Depth = 1250> <RAM>
ST_3 : Operation 30 [1/1] (0.00ns)   --->   "br label %1" [vlsiModel.c:99]   --->   Operation 30 'br' <Predicate = (!exitcond3)> <Delay = 0.00>
ST_3 : Operation 31 [1/1] (0.00ns)   --->   "%tmp_39 = trunc i64 %outcols_read to i5" [vlsiModel.c:105]   --->   Operation 31 'trunc' 'tmp_39' <Predicate = (exitcond3)> <Delay = 0.00>
ST_3 : Operation 32 [1/1] (0.00ns)   --->   "%tmp_40 = trunc i64 %innerdim_read to i10" [vlsiModel.c:106]   --->   Operation 32 'trunc' 'tmp_40' <Predicate = (exitcond3)> <Delay = 0.00>
ST_3 : Operation 33 [1/1] (0.00ns)   --->   "%tmp_41 = trunc i64 %outcols_read to i10" [vlsiModel.c:111]   --->   Operation 33 'trunc' 'tmp_41' <Predicate = (exitcond3)> <Delay = 0.00>
ST_3 : Operation 34 [1/1] (0.00ns)   --->   "%tmp_42 = trunc i64 %B_offset_read to i10"   --->   Operation 34 'trunc' 'tmp_42' <Predicate = (exitcond3)> <Delay = 0.00>
ST_3 : Operation 35 [1/1] (1.35ns)   --->   "br label %.preheader4" [vlsiModel.c:103]   --->   Operation 35 'br' <Predicate = (exitcond3)> <Delay = 1.35>

State 4 <SV = 3> <Delay = 6.35>
ST_4 : Operation 36 [1/1] (0.00ns)   --->   "%i = phi i64 [ 0, %.preheader4.preheader ], [ %i_4, %.preheader4.loopexit ]"   --->   Operation 36 'phi' 'i' <Predicate = true> <Delay = 0.00>
ST_4 : Operation 37 [1/1] (0.00ns)   --->   "%tmp_43 = trunc i64 %i to i10" [vlsiModel.c:103]   --->   Operation 37 'trunc' 'tmp_43' <Predicate = true> <Delay = 0.00>
ST_4 : Operation 38 [1/1] (0.00ns)   --->   "%tmp_44 = trunc i64 %i to i5" [vlsiModel.c:103]   --->   Operation 38 'trunc' 'tmp_44' <Predicate = true> <Delay = 0.00>
ST_4 : Operation 39 [1/1] (2.34ns)   --->   "%exitcond2 = icmp eq i64 %i, %outrows_read" [vlsiModel.c:103]   --->   Operation 39 'icmp' 'exitcond2' <Predicate = true> <Delay = 2.34> <Core = "Cmp">   --->   Core 25 'Cmp' <Latency = 0> <II = 1> <Delay = 2.34> <FuncUnit> <Opcode : 'icmp'> <InPorts = 2> <OutPorts = 1>
ST_4 : Operation 40 [1/1] (2.99ns)   --->   "%i_4 = add i64 1, %i" [vlsiModel.c:103]   --->   Operation 40 'add' 'i_4' <Predicate = true> <Delay = 2.99> <Core = "AddSub">   --->   Core 14 'AddSub' <Latency = 0> <II = 1> <Delay = 1.74> <FuncUnit> <Opcode : 'add' 'sub'> <InPorts = 2> <OutPorts = 1>
ST_4 : Operation 41 [1/1] (0.00ns)   --->   "br i1 %exitcond2, label %5, label %3" [vlsiModel.c:103]   --->   Operation 41 'br' <Predicate = true> <Delay = 0.00>
ST_4 : Operation 42 [1/1] (3.01ns)   --->   "%outrowidx = mul i5 %tmp_44, %tmp_39" [vlsiModel.c:105]   --->   Operation 42 'mul' 'outrowidx' <Predicate = (!exitcond2)> <Delay = 3.01> <Core = "Mul">   --->   Core 16 'Mul' <Latency = 0> <II = 1> <Delay = 3.01> <FuncUnit> <Opcode : 'mul'> <InPorts = 2> <OutPorts = 1>
ST_4 : Operation 43 [1/1] (6.35ns)   --->   "%inneridx = mul i10 %tmp_43, %tmp_40" [vlsiModel.c:106]   --->   Operation 43 'mul' 'inneridx' <Predicate = (!exitcond2)> <Delay = 6.35> <Core = "DSP48">   --->   Core 61 'DSP48' <Latency = 4> <II = 1> <Delay = 1.72> <IPBlock> <Opcode : 'mul' 'add' 'sub' 'select'> <InPorts = 0> <OutPorts = 1> <Sync> <CReg>
ST_4 : Operation 44 [1/1] (1.35ns)   --->   "br label %.loopexit" [vlsiModel.c:107]   --->   Operation 44 'br' <Predicate = (!exitcond2)> <Delay = 1.35>
ST_4 : Operation 45 [1/1] (0.00ns)   --->   "ret void" [vlsiModel.c:115]   --->   Operation 45 'ret' <Predicate = (exitcond2)> <Delay = 0.00>

State 5 <SV = 4> <Delay = 6.35>
ST_5 : Operation 46 [1/1] (0.00ns)   --->   "%k = phi i64 [ 0, %3 ], [ %k_2, %.loopexit.loopexit ]"   --->   Operation 46 'phi' 'k' <Predicate = true> <Delay = 0.00>
ST_5 : Operation 47 [1/1] (0.00ns)   --->   "%tmp_45 = trunc i64 %k to i10" [vlsiModel.c:107]   --->   Operation 47 'trunc' 'tmp_45' <Predicate = true> <Delay = 0.00>
ST_5 : Operation 48 [1/1] (2.34ns)   --->   "%exitcond1 = icmp eq i64 %k, %innerdim_read" [vlsiModel.c:107]   --->   Operation 48 'icmp' 'exitcond1' <Predicate = true> <Delay = 2.34> <Core = "Cmp">   --->   Core 25 'Cmp' <Latency = 0> <II = 1> <Delay = 2.34> <FuncUnit> <Opcode : 'icmp'> <InPorts = 2> <OutPorts = 1>
ST_5 : Operation 49 [1/1] (2.99ns)   --->   "%k_2 = add i64 1, %k" [vlsiModel.c:107]   --->   Operation 49 'add' 'k_2' <Predicate = true> <Delay = 2.99> <Core = "AddSub">   --->   Core 14 'AddSub' <Latency = 0> <II = 1> <Delay = 1.74> <FuncUnit> <Opcode : 'add' 'sub'> <InPorts = 2> <OutPorts = 1>
ST_5 : Operation 50 [1/1] (0.00ns)   --->   "br i1 %exitcond1, label %.preheader4.loopexit, label %.preheader.preheader" [vlsiModel.c:107]   --->   Operation 50 'br' <Predicate = true> <Delay = 0.00>
ST_5 : Operation 51 [1/1] (1.74ns)   --->   "%sum = add i10 %tmp_45, %inneridx" [vlsiModel.c:107]   --->   Operation 51 'add' 'sum' <Predicate = (!exitcond1)> <Delay = 1.74> <Core = "AddSub">   --->   Core 14 'AddSub' <Latency = 0> <II = 1> <Delay = 1.74> <FuncUnit> <Opcode : 'add' 'sub'> <InPorts = 2> <OutPorts = 1>
ST_5 : Operation 52 [1/1] (0.00ns)   --->   "%sum_cast = zext i10 %sum to i64" [vlsiModel.c:107]   --->   Operation 52 'zext' 'sum_cast' <Predicate = (!exitcond1)> <Delay = 0.00>
ST_5 : Operation 53 [1/1] (0.00ns)   --->   "%B_addr = getelementptr [275 x float]* %A, i64 0, i64 %sum_cast" [vlsiModel.c:111]   --->   Operation 53 'getelementptr' 'B_addr' <Predicate = (!exitcond1)> <Delay = 0.00>
ST_5 : Operation 54 [1/1] (2.82ns)   --->   "%tmp_1 = mul i10 %tmp_45, %tmp_41" [vlsiModel.c:111]   --->   Operation 54 'mul' 'tmp_1' <Predicate = (!exitcond1)> <Delay = 2.82> <Core = "DSP48">   --->   Core 61 'DSP48' <Latency = 4> <II = 1> <Delay = 1.72> <IPBlock> <Opcode : 'mul' 'add' 'sub' 'select'> <InPorts = 0> <OutPorts = 1> <Sync> <CReg>
ST_5 : Operation 55 [1/1] (3.53ns)   --->   "%tmp1 = add i10 %tmp_1, %tmp_42" [vlsiModel.c:111]   --->   Operation 55 'add' 'tmp1' <Predicate = (!exitcond1)> <Delay = 3.53> <Core = "DSP48">   --->   Core 61 'DSP48' <Latency = 4> <II = 1> <Delay = 1.72> <IPBlock> <Opcode : 'mul' 'add' 'sub' 'select'> <InPorts = 0> <OutPorts = 1> <Sync> <CReg>
ST_5 : Operation 56 [1/1] (1.35ns)   --->   "br label %.preheader" [vlsiModel.c:109]   --->   Operation 56 'br' <Predicate = (!exitcond1)> <Delay = 1.35>
ST_5 : Operation 57 [1/1] (0.00ns)   --->   "br label %.preheader4"   --->   Operation 57 'br' <Predicate = (exitcond1)> <Delay = 0.00>

State 6 <SV = 5> <Delay = 4.52>
ST_6 : Operation 58 [1/1] (0.00ns)   --->   "%j = phi i64 [ %j_2, %4 ], [ 0, %.preheader.preheader ]"   --->   Operation 58 'phi' 'j' <Predicate = true> <Delay = 0.00>
ST_6 : Operation 59 [1/1] (0.00ns)   --->   "%tmp_46 = trunc i64 %j to i5" [vlsiModel.c:109]   --->   Operation 59 'trunc' 'tmp_46' <Predicate = true> <Delay = 0.00>
ST_6 : Operation 60 [1/1] (0.00ns)   --->   "%tmp_47 = trunc i64 %j to i10" [vlsiModel.c:109]   --->   Operation 60 'trunc' 'tmp_47' <Predicate = true> <Delay = 0.00>
ST_6 : Operation 61 [1/1] (2.34ns)   --->   "%exitcond = icmp eq i64 %j, %outcols_read" [vlsiModel.c:109]   --->   Operation 61 'icmp' 'exitcond' <Predicate = true> <Delay = 2.34> <Core = "Cmp">   --->   Core 25 'Cmp' <Latency = 0> <II = 1> <Delay = 2.34> <FuncUnit> <Opcode : 'icmp'> <InPorts = 2> <OutPorts = 1>
ST_6 : Operation 62 [1/1] (2.99ns)   --->   "%j_2 = add i64 1, %j" [vlsiModel.c:109]   --->   Operation 62 'add' 'j_2' <Predicate = true> <Delay = 2.99> <Core = "AddSub">   --->   Core 14 'AddSub' <Latency = 0> <II = 1> <Delay = 1.74> <FuncUnit> <Opcode : 'add' 'sub'> <InPorts = 2> <OutPorts = 1>
ST_6 : Operation 63 [1/1] (0.00ns)   --->   "br i1 %exitcond, label %.loopexit.loopexit, label %4" [vlsiModel.c:109]   --->   Operation 63 'br' <Predicate = true> <Delay = 0.00>
ST_6 : Operation 64 [2/2] (2.77ns)   --->   "%B_load_3 = load float* %B_addr, align 4" [vlsiModel.c:111]   --->   Operation 64 'load' 'B_load_3' <Predicate = (!exitcond)> <Delay = 2.77> <Core = "RAM">   --->   Core 37 'RAM' <Latency = 1> <II = 1> <Delay = 2.77> <Storage> <Opcode : 'load' 'store'> <Ports = 2> <Width = 32> <Depth = 1250> <RAM>
ST_6 : Operation 65 [1/1] (1.74ns)   --->   "%sum3 = add i10 %tmp1, %tmp_47" [vlsiModel.c:111]   --->   Operation 65 'add' 'sum3' <Predicate = (!exitcond)> <Delay = 1.74> <Core = "AddSub">   --->   Core 14 'AddSub' <Latency = 0> <II = 1> <Delay = 1.74> <FuncUnit> <Opcode : 'add' 'sub'> <InPorts = 2> <OutPorts = 1>
ST_6 : Operation 66 [1/1] (0.00ns)   --->   "%sum3_cast = zext i10 %sum3 to i64" [vlsiModel.c:111]   --->   Operation 66 'zext' 'sum3_cast' <Predicate = (!exitcond)> <Delay = 0.00>
ST_6 : Operation 67 [1/1] (0.00ns)   --->   "%B_addr_3 = getelementptr [275 x float]* %A, i64 0, i64 %sum3_cast" [vlsiModel.c:111]   --->   Operation 67 'getelementptr' 'B_addr_3' <Predicate = (!exitcond)> <Delay = 0.00>
ST_6 : Operation 68 [2/2] (2.77ns)   --->   "%B_load = load float* %B_addr_3, align 4" [vlsiModel.c:111]   --->   Operation 68 'load' 'B_load' <Predicate = (!exitcond)> <Delay = 2.77> <Core = "RAM">   --->   Core 37 'RAM' <Latency = 1> <II = 1> <Delay = 2.77> <Storage> <Opcode : 'load' 'store'> <Ports = 2> <Width = 32> <Depth = 1250> <RAM>
ST_6 : Operation 69 [1/1] (1.54ns)   --->   "%sum2 = add i5 %tmp_46, %outrowidx" [vlsiModel.c:109]   --->   Operation 69 'add' 'sum2' <Predicate = (!exitcond)> <Delay = 1.54> <Core = "AddSub">   --->   Core 14 'AddSub' <Latency = 0> <II = 1> <Delay = 1.74> <FuncUnit> <Opcode : 'add' 'sub'> <InPorts = 2> <OutPorts = 1>
ST_6 : Operation 70 [1/1] (0.00ns)   --->   "%sum2_cast = zext i5 %sum2 to i64" [vlsiModel.c:109]   --->   Operation 70 'zext' 'sum2_cast' <Predicate = (!exitcond)> <Delay = 0.00>
ST_6 : Operation 71 [1/1] (0.00ns)   --->   "%C_addr_3 = getelementptr [10 x float]* %C, i64 0, i64 %sum2_cast" [vlsiModel.c:111]   --->   Operation 71 'getelementptr' 'C_addr_3' <Predicate = (!exitcond)> <Delay = 0.00>
ST_6 : Operation 72 [1/1] (0.00ns)   --->   "br label %.loopexit"   --->   Operation 72 'br' <Predicate = (exitcond)> <Delay = 0.00>

State 7 <SV = 6> <Delay = 2.77>
ST_7 : Operation 73 [1/2] (2.77ns)   --->   "%B_load_3 = load float* %B_addr, align 4" [vlsiModel.c:111]   --->   Operation 73 'load' 'B_load_3' <Predicate = true> <Delay = 2.77> <Core = "RAM">   --->   Core 37 'RAM' <Latency = 1> <II = 1> <Delay = 2.77> <Storage> <Opcode : 'load' 'store'> <Ports = 2> <Width = 32> <Depth = 1250> <RAM>
ST_7 : Operation 74 [1/2] (2.77ns)   --->   "%B_load = load float* %B_addr_3, align 4" [vlsiModel.c:111]   --->   Operation 74 'load' 'B_load' <Predicate = true> <Delay = 2.77> <Core = "RAM">   --->   Core 37 'RAM' <Latency = 1> <II = 1> <Delay = 2.77> <Storage> <Opcode : 'load' 'store'> <Ports = 2> <Width = 32> <Depth = 1250> <RAM>

State 8 <SV = 7> <Delay = 8.54>
ST_8 : Operation 75 [3/3] (8.54ns)   --->   "%tmp_3 = fmul float %B_load_3, %B_load" [vlsiModel.c:111]   --->   Operation 75 'fmul' 'tmp_3' <Predicate = true> <Delay = 8.54> <Core = "FMul">   --->   Core 100 'FMul' <Latency = 2> <II = 1> <Delay = 8.54> <FuncUnit> <Opcode : 'fmul'> <InPorts = 2> <OutPorts = 1>

State 9 <SV = 8> <Delay = 8.54>
ST_9 : Operation 76 [2/3] (8.54ns)   --->   "%tmp_3 = fmul float %B_load_3, %B_load" [vlsiModel.c:111]   --->   Operation 76 'fmul' 'tmp_3' <Predicate = true> <Delay = 8.54> <Core = "FMul">   --->   Core 100 'FMul' <Latency = 2> <II = 1> <Delay = 8.54> <FuncUnit> <Opcode : 'fmul'> <InPorts = 2> <OutPorts = 1>

State 10 <SV = 9> <Delay = 8.54>
ST_10 : Operation 77 [1/3] (8.54ns)   --->   "%tmp_3 = fmul float %B_load_3, %B_load" [vlsiModel.c:111]   --->   Operation 77 'fmul' 'tmp_3' <Predicate = true> <Delay = 8.54> <Core = "FMul">   --->   Core 100 'FMul' <Latency = 2> <II = 1> <Delay = 8.54> <FuncUnit> <Opcode : 'fmul'> <InPorts = 2> <OutPorts = 1>
ST_10 : Operation 78 [2/2] (1.75ns)   --->   "%C_load = load float* %C_addr_3, align 4" [vlsiModel.c:111]   --->   Operation 78 'load' 'C_load' <Predicate = true> <Delay = 1.75> <Core = "RAM">   --->   Core 37 'RAM' <Latency = 1> <II = 1> <Delay = 2.77> <Storage> <Opcode : 'load' 'store'> <Ports = 2> <Width = 32> <Depth = 1250> <RAM>

State 11 <SV = 10> <Delay = 8.26>
ST_11 : Operation 79 [1/2] (1.75ns)   --->   "%C_load = load float* %C_addr_3, align 4" [vlsiModel.c:111]   --->   Operation 79 'load' 'C_load' <Predicate = true> <Delay = 1.75> <Core = "RAM">   --->   Core 37 'RAM' <Latency = 1> <II = 1> <Delay = 2.77> <Storage> <Opcode : 'load' 'store'> <Ports = 2> <Width = 32> <Depth = 1250> <RAM>
ST_11 : Operation 80 [5/5] (6.51ns)   --->   "%tmp_5 = fadd float %C_load, %tmp_3" [vlsiModel.c:111]   --->   Operation 80 'fadd' 'tmp_5' <Predicate = true> <Delay = 6.51> <Core = "FAddSub">   --->   Core 99 'FAddSub' <Latency = 4> <II = 1> <Delay = 6.51> <FuncUnit> <Opcode : 'fadd' 'fsub'> <InPorts = 2> <OutPorts = 1>

State 12 <SV = 11> <Delay = 6.51>
ST_12 : Operation 81 [4/5] (6.51ns)   --->   "%tmp_5 = fadd float %C_load, %tmp_3" [vlsiModel.c:111]   --->   Operation 81 'fadd' 'tmp_5' <Predicate = true> <Delay = 6.51> <Core = "FAddSub">   --->   Core 99 'FAddSub' <Latency = 4> <II = 1> <Delay = 6.51> <FuncUnit> <Opcode : 'fadd' 'fsub'> <InPorts = 2> <OutPorts = 1>

State 13 <SV = 12> <Delay = 6.51>
ST_13 : Operation 82 [3/5] (6.51ns)   --->   "%tmp_5 = fadd float %C_load, %tmp_3" [vlsiModel.c:111]   --->   Operation 82 'fadd' 'tmp_5' <Predicate = true> <Delay = 6.51> <Core = "FAddSub">   --->   Core 99 'FAddSub' <Latency = 4> <II = 1> <Delay = 6.51> <FuncUnit> <Opcode : 'fadd' 'fsub'> <InPorts = 2> <OutPorts = 1>

State 14 <SV = 13> <Delay = 6.51>
ST_14 : Operation 83 [2/5] (6.51ns)   --->   "%tmp_5 = fadd float %C_load, %tmp_3" [vlsiModel.c:111]   --->   Operation 83 'fadd' 'tmp_5' <Predicate = true> <Delay = 6.51> <Core = "FAddSub">   --->   Core 99 'FAddSub' <Latency = 4> <II = 1> <Delay = 6.51> <FuncUnit> <Opcode : 'fadd' 'fsub'> <InPorts = 2> <OutPorts = 1>

State 15 <SV = 14> <Delay = 8.26>
ST_15 : Operation 84 [1/5] (6.51ns)   --->   "%tmp_5 = fadd float %C_load, %tmp_3" [vlsiModel.c:111]   --->   Operation 84 'fadd' 'tmp_5' <Predicate = true> <Delay = 6.51> <Core = "FAddSub">   --->   Core 99 'FAddSub' <Latency = 4> <II = 1> <Delay = 6.51> <FuncUnit> <Opcode : 'fadd' 'fsub'> <InPorts = 2> <OutPorts = 1>
ST_15 : Operation 85 [1/1] (1.75ns)   --->   "store float %tmp_5, float* %C_addr_3, align 4" [vlsiModel.c:111]   --->   Operation 85 'store' <Predicate = true> <Delay = 1.75> <Core = "RAM">   --->   Core 37 'RAM' <Latency = 1> <II = 1> <Delay = 2.77> <Storage> <Opcode : 'load' 'store'> <Ports = 2> <Width = 32> <Depth = 1250> <RAM>
ST_15 : Operation 86 [1/1] (0.00ns)   --->   "br label %.preheader" [vlsiModel.c:109]   --->   Operation 86 'br' <Predicate = true> <Delay = 0.00>


============================================================
+ Verbose Summary: Binding
============================================================
STG Binding: 
---------------- STG Properties BEGIN ----------------
- Is combinational: 0
- Is one-state seq: 0
- Is datapath-only: 0
- Is pipelined: 0
- Is top level: 0
Port [ Return ] is wired: 1; IO mode=ap_ctrl_hs:ce=0
Port [ C]:  wired=1; compound=1; hidden=0; nouse=0; global=0; static=0; extern=0; dir=2; type=1; pingpong=0; private_global=0; MemPort=[23]; IO mode=ap_memory:ce=0
Port [ A]:  wired=1; compound=1; hidden=0; nouse=0; global=0; static=0; extern=0; dir=0; type=1; pingpong=0; private_global=0; MemPort=[11]; IO mode=ap_memory:ce=0
Port [ B_offset]:  wired=1; compound=0; hidden=0; nouse=0; global=0; static=0; extern=0; dir=0; type=0; pingpong=0; private_global=0; IO mode=ap_none:ce=0
Port [ outrows]:  wired=1; compound=0; hidden=0; nouse=0; global=0; static=0; extern=0; dir=0; type=0; pingpong=0; private_global=0; IO mode=ap_none:ce=0
Port [ outcols]:  wired=1; compound=0; hidden=0; nouse=0; global=0; static=0; extern=0; dir=0; type=0; pingpong=0; private_global=0; IO mode=ap_none:ce=0
Port [ innerdim]:  wired=1; compound=0; hidden=0; nouse=0; global=0; static=0; extern=0; dir=0; type=0; pingpong=0; private_global=0; IO mode=ap_none:ce=0
---------------- STG Properties END ------------------

---------------- Datapath Model BEGIN ----------------

<LifeTime>
<method=bitvector/>
outcols_read  (read         ) [ 0011111111111111]
outrows_read  (read         ) [ 0011111111111111]
innerdim_read (read         ) [ 0001111111111111]
B_offset_read (read         ) [ 0001000000000000]
tmp           (mul          ) [ 0001000000000000]
StgValue_22   (br           ) [ 0011000000000000]
a             (phi          ) [ 0001000000000000]
a_cast        (zext         ) [ 0000000000000000]
exitcond3     (icmp         ) [ 0001000000000000]
a10           (add          ) [ 0011000000000000]
StgValue_27   (br           ) [ 0000000000000000]
C_addr        (getelementptr) [ 0000000000000000]
StgValue_29   (store        ) [ 0000000000000000]
StgValue_30   (br           ) [ 0011000000000000]
tmp_39        (trunc        ) [ 0000111111111111]
tmp_40        (trunc        ) [ 0000111111111111]
tmp_41        (trunc        ) [ 0000111111111111]
tmp_42        (trunc        ) [ 0000111111111111]
StgValue_35   (br           ) [ 0001111111111111]
i             (phi          ) [ 0000100000000000]
tmp_43        (trunc        ) [ 0000000000000000]
tmp_44        (trunc        ) [ 0000000000000000]
exitcond2     (icmp         ) [ 0000111111111111]
i_4           (add          ) [ 0001111111111111]
StgValue_41   (br           ) [ 0000000000000000]
outrowidx     (mul          ) [ 0000011111111111]
inneridx      (mul          ) [ 0000011111111111]
StgValue_44   (br           ) [ 0000111111111111]
StgValue_45   (ret          ) [ 0000000000000000]
k             (phi          ) [ 0000010000000000]
tmp_45        (trunc        ) [ 0000000000000000]
exitcond1     (icmp         ) [ 0000111111111111]
k_2           (add          ) [ 0000111111111111]
StgValue_50   (br           ) [ 0000000000000000]
sum           (add          ) [ 0000000000000000]
sum_cast      (zext         ) [ 0000000000000000]
B_addr        (getelementptr) [ 0000001111111111]
tmp_1         (mul          ) [ 0000000000000000]
tmp1          (add          ) [ 0000001111111111]
StgValue_56   (br           ) [ 0000111111111111]
StgValue_57   (br           ) [ 0001111111111111]
j             (phi          ) [ 0000001000000000]
tmp_46        (trunc        ) [ 0000000000000000]
tmp_47        (trunc        ) [ 0000000000000000]
exitcond      (icmp         ) [ 0000111111111111]
j_2           (add          ) [ 0000111111111111]
StgValue_63   (br           ) [ 0000000000000000]
sum3          (add          ) [ 0000000000000000]
sum3_cast     (zext         ) [ 0000000000000000]
B_addr_3      (getelementptr) [ 0000000100000000]
sum2          (add          ) [ 0000000000000000]
sum2_cast     (zext         ) [ 0000000000000000]
C_addr_3      (getelementptr) [ 0000000111111111]
StgValue_72   (br           ) [ 0000111111111111]
B_load_3      (load         ) [ 0000000011100000]
B_load        (load         ) [ 0000000011100000]
tmp_3         (fmul         ) [ 0000000000011111]
C_load        (load         ) [ 0000000000001111]
tmp_5         (fadd         ) [ 0000000000000000]
StgValue_85   (store        ) [ 0000000000000000]
StgValue_86   (br           ) [ 0000111111111111]
</LifeTime>

<model>

<comp_list>
<comp id="0" class="1000" name="C">
<pin_list>
<pin id="1" dir="1" index="0" bw="1" slack="0"/>
</pin_list>
<bind>
<StgValue><ssdm name="C"/><MemPortTyVec>2 3 </MemPortTyVec>
</StgValue>
</bind>
</comp>

<comp id="2" class="1000" name="A">
<pin_list>
<pin id="3" dir="1" index="0" bw="1" slack="0"/>
</pin_list>
<bind>
<StgValue><ssdm name="A"/><MemPortTyVec>1 1 </MemPortTyVec>
</StgValue>
</bind>
</comp>

<comp id="4" class="1000" name="B_offset">
<pin_list>
<pin id="5" dir="1" index="0" bw="1" slack="0"/>
</pin_list>
<bind>
<StgValue><ssdm name="B_offset"/></StgValue>
</bind>
</comp>

<comp id="6" class="1000" name="outrows">
<pin_list>
<pin id="7" dir="1" index="0" bw="1" slack="0"/>
</pin_list>
<bind>
<StgValue><ssdm name="outrows"/></StgValue>
</bind>
</comp>

<comp id="8" class="1000" name="outcols">
<pin_list>
<pin id="9" dir="1" index="0" bw="1" slack="0"/>
</pin_list>
<bind>
<StgValue><ssdm name="outcols"/></StgValue>
</bind>
</comp>

<comp id="10" class="1000" name="innerdim">
<pin_list>
<pin id="11" dir="1" index="0" bw="1" slack="0"/>
</pin_list>
<bind>
<StgValue><ssdm name="innerdim"/></StgValue>
</bind>
</comp>

<comp id="12" class="1001" name="const_12">
<pin_list>
<pin id="13" dir="1" index="0" bw="1" slack="0"/>
</pin_list>
<bind>
<StgValue><ssdm name="_ssdm_op_Read.ap_auto.i64"/></StgValue>
</bind>
</comp>

<comp id="14" class="1001" name="const_14">
<pin_list>
<pin id="15" dir="1" index="0" bw="1" slack="1"/>
</pin_list>
<bind>
<StgValue><ssdm name=""/></StgValue>
</bind>
</comp>

<comp id="16" class="1001" name="const_16">
<pin_list>
<pin id="17" dir="1" index="0" bw="1" slack="0"/>
</pin_list>
<bind>
<StgValue><ssdm name=""/></StgValue>
</bind>
</comp>

<comp id="18" class="1001" name="const_18">
<pin_list>
<pin id="19" dir="1" index="0" bw="1" slack="0"/>
</pin_list>
<bind>
<StgValue><ssdm name=""/></StgValue>
</bind>
</comp>

<comp id="20" class="1001" name="const_20">
<pin_list>
<pin id="21" dir="1" index="0" bw="1" slack="0"/>
</pin_list>
<bind>
<StgValue><ssdm name=""/></StgValue>
</bind>
</comp>

<comp id="22" class="1001" name="const_22">
<pin_list>
<pin id="23" dir="1" index="0" bw="1" slack="0"/>
</pin_list>
<bind>
<StgValue><ssdm name=""/></StgValue>
</bind>
</comp>

<comp id="24" class="1004" name="outcols_read_read_fu_24">
<pin_list>
<pin id="25" dir="0" index="0" bw="64" slack="0"/>
<pin id="26" dir="0" index="1" bw="64" slack="0"/>
<pin id="27" dir="1" index="2" bw="64" slack="0"/>
</pin_list>
<bind>
<opcode="read(1150) " fcode="read"/>
<opset="outcols_read/1 "/>
</bind>
</comp>

<comp id="30" class="1004" name="outrows_read_read_fu_30">
<pin_list>
<pin id="31" dir="0" index="0" bw="64" slack="0"/>
<pin id="32" dir="0" index="1" bw="64" slack="0"/>
<pin id="33" dir="1" index="2" bw="64" slack="0"/>
</pin_list>
<bind>
<opcode="read(1150) " fcode="read"/>
<opset="outrows_read/1 "/>
</bind>
</comp>

<comp id="36" class="1004" name="innerdim_read_read_fu_36">
<pin_list>
<pin id="37" dir="0" index="0" bw="64" slack="0"/>
<pin id="38" dir="0" index="1" bw="64" slack="0"/>
<pin id="39" dir="1" index="2" bw="64" slack="1"/>
</pin_list>
<bind>
<opcode="read(1150) " fcode="read"/>
<opset="innerdim_read/2 "/>
</bind>
</comp>

<comp id="42" class="1004" name="B_offset_read_read_fu_42">
<pin_list>
<pin id="43" dir="0" index="0" bw="64" slack="0"/>
<pin id="44" dir="0" index="1" bw="64" slack="0"/>
<pin id="45" dir="1" index="2" bw="64" slack="1"/>
</pin_list>
<bind>
<opcode="read(1150) " fcode="read"/>
<opset="B_offset_read/2 "/>
</bind>
</comp>

<comp id="48" class="1004" name="C_addr_gep_fu_48">
<pin_list>
<pin id="49" dir="0" index="0" bw="32" slack="0"/>
<pin id="50" dir="0" index="1" bw="1" slack="0"/>
<pin id="51" dir="0" index="2" bw="4" slack="0"/>
<pin id="52" dir="1" index="3" bw="4" slack="0"/>
</pin_list>
<bind>
<opcode="getelementptr(29) " fcode="getelementptr"/>
<opset="C_addr/3 "/>
</bind>
</comp>

<comp id="55" class="1004" name="grp_access_fu_55">
<pin_list>
<pin id="56" dir="0" index="0" bw="4" slack="0"/>
<pin id="57" dir="0" index="1" bw="32" slack="0"/>
<pin id="58" dir="0" index="2" bw="0" slack="2147483647"/>
<pin id="59" dir="1" index="3" bw="32" slack="0"/>
</pin_list>
<bind>
<opcode="load(27) store(28) " fcode="store"/>
<opset="StgValue_29/3 C_load/10 StgValue_85/15 "/>
</bind>
</comp>

<comp id="62" class="1004" name="B_addr_gep_fu_62">
<pin_list>
<pin id="63" dir="0" index="0" bw="32" slack="0"/>
<pin id="64" dir="0" index="1" bw="1" slack="0"/>
<pin id="65" dir="0" index="2" bw="10" slack="0"/>
<pin id="66" dir="1" index="3" bw="9" slack="1"/>
</pin_list>
<bind>
<opcode="getelementptr(29) " fcode="getelementptr"/>
<opset="B_addr/5 "/>
</bind>
</comp>

<comp id="69" class="1004" name="grp_access_fu_69">
<pin_list>
<pin id="70" dir="0" index="0" bw="9" slack="1"/>
<pin id="71" dir="0" index="1" bw="32" slack="2147483647"/>
<pin id="72" dir="0" index="2" bw="0" slack="0"/>
<pin id="81" dir="0" index="4" bw="9" slack="2147483647"/>
<pin id="82" dir="0" index="5" bw="32" slack="2147483647"/>
<pin id="83" dir="0" index="6" bw="0" slack="2147483647"/>
<pin id="73" dir="1" index="3" bw="32" slack="1"/>
<pin id="84" dir="1" index="7" bw="32" slack="1"/>
</pin_list>
<bind>
<opcode="load(27) " fcode="load"/>
<opset="B_load_3/6 B_load/6 "/>
</bind>
</comp>

<comp id="74" class="1004" name="B_addr_3_gep_fu_74">
<pin_list>
<pin id="75" dir="0" index="0" bw="32" slack="0"/>
<pin id="76" dir="0" index="1" bw="1" slack="0"/>
<pin id="77" dir="0" index="2" bw="10" slack="0"/>
<pin id="78" dir="1" index="3" bw="9" slack="0"/>
</pin_list>
<bind>
<opcode="getelementptr(29) " fcode="getelementptr"/>
<opset="B_addr_3/6 "/>
</bind>
</comp>

<comp id="86" class="1004" name="C_addr_3_gep_fu_86">
<pin_list>
<pin id="87" dir="0" index="0" bw="32" slack="0"/>
<pin id="88" dir="0" index="1" bw="1" slack="0"/>
<pin id="89" dir="0" index="2" bw="5" slack="0"/>
<pin id="90" dir="1" index="3" bw="4" slack="4"/>
</pin_list>
<bind>
<opcode="getelementptr(29) " fcode="getelementptr"/>
<opset="C_addr_3/6 "/>
</bind>
</comp>

<comp id="93" class="1005" name="a_reg_93">
<pin_list>
<pin id="94" dir="0" index="0" bw="4" slack="1"/>
<pin id="95" dir="1" index="1" bw="4" slack="1"/>
</pin_list>
<bind>
<opset="a (phireg) "/>
</bind>
</comp>

<comp id="97" class="1004" name="a_phi_fu_97">
<pin_list>
<pin id="98" dir="0" index="0" bw="1" slack="1"/>
<pin id="99" dir="0" index="1" bw="0" slack="2147483647"/>
<pin id="100" dir="0" index="2" bw="4" slack="0"/>
<pin id="101" dir="0" index="3" bw="0" slack="2147483647"/>
<pin id="102" dir="1" index="4" bw="4" slack="0"/>
</pin_list>
<bind>
<opcode="phi(47) " fcode="phi"/>
<opset="a/3 "/>
</bind>
</comp>

<comp id="104" class="1005" name="i_reg_104">
<pin_list>
<pin id="105" dir="0" index="0" bw="64" slack="1"/>
<pin id="106" dir="1" index="1" bw="64" slack="1"/>
</pin_list>
<bind>
<opset="i (phireg) "/>
</bind>
</comp>

<comp id="108" class="1004" name="i_phi_fu_108">
<pin_list>
<pin id="109" dir="0" index="0" bw="1" slack="1"/>
<pin id="110" dir="0" index="1" bw="0" slack="2147483647"/>
<pin id="111" dir="0" index="2" bw="64" slack="0"/>
<pin id="112" dir="0" index="3" bw="0" slack="2147483647"/>
<pin id="113" dir="1" index="4" bw="64" slack="0"/>
</pin_list>
<bind>
<opcode="phi(47) " fcode="phi"/>
<opset="i/4 "/>
</bind>
</comp>

<comp id="115" class="1005" name="k_reg_115">
<pin_list>
<pin id="116" dir="0" index="0" bw="64" slack="1"/>
<pin id="117" dir="1" index="1" bw="64" slack="1"/>
</pin_list>
<bind>
<opset="k (phireg) "/>
</bind>
</comp>

<comp id="119" class="1004" name="k_phi_fu_119">
<pin_list>
<pin id="120" dir="0" index="0" bw="1" slack="1"/>
<pin id="121" dir="0" index="1" bw="0" slack="2147483647"/>
<pin id="122" dir="0" index="2" bw="64" slack="0"/>
<pin id="123" dir="0" index="3" bw="0" slack="2147483647"/>
<pin id="124" dir="1" index="4" bw="64" slack="0"/>
</pin_list>
<bind>
<opcode="phi(47) " fcode="phi"/>
<opset="k/5 "/>
</bind>
</comp>

<comp id="126" class="1005" name="j_reg_126">
<pin_list>
<pin id="127" dir="0" index="0" bw="64" slack="1"/>
<pin id="128" dir="1" index="1" bw="64" slack="1"/>
</pin_list>
<bind>
<opset="j (phireg) "/>
</bind>
</comp>

<comp id="130" class="1004" name="j_phi_fu_130">
<pin_list>
<pin id="131" dir="0" index="0" bw="64" slack="0"/>
<pin id="132" dir="0" index="1" bw="0" slack="2147483647"/>
<pin id="133" dir="0" index="2" bw="1" slack="1"/>
<pin id="134" dir="0" index="3" bw="0" slack="2147483647"/>
<pin id="135" dir="1" index="4" bw="64" slack="0"/>
</pin_list>
<bind>
<opcode="phi(47) " fcode="phi"/>
<opset="j/6 "/>
</bind>
</comp>

<comp id="137" class="1004" name="grp_fu_137">
<pin_list>
<pin id="138" dir="0" index="0" bw="32" slack="0"/>
<pin id="139" dir="0" index="1" bw="32" slack="1"/>
<pin id="140" dir="1" index="2" bw="32" slack="0"/>
</pin_list>
<bind>
<opcode="fadd(9) " fcode="fadd"/>
<opset="tmp_5/11 "/>
</bind>
</comp>

<comp id="143" class="1004" name="grp_fu_143">
<pin_list>
<pin id="144" dir="0" index="0" bw="32" slack="1"/>
<pin id="145" dir="0" index="1" bw="32" slack="1"/>
<pin id="146" dir="1" index="2" bw="32" slack="1"/>
</pin_list>
<bind>
<opcode="fmul(13) " fcode="fmul"/>
<opset="tmp_3/8 "/>
</bind>
</comp>

<comp id="147" class="1004" name="grp_fu_147">
<pin_list>
<pin id="148" dir="0" index="0" bw="64" slack="0"/>
<pin id="149" dir="0" index="1" bw="64" slack="0"/>
<pin id="150" dir="1" index="2" bw="64" slack="1"/>
</pin_list>
<bind>
<opcode="mul(12) " fcode="mul"/>
<opset="tmp/1 "/>
</bind>
</comp>

<comp id="153" class="1004" name="a_cast_fu_153">
<pin_list>
<pin id="154" dir="0" index="0" bw="4" slack="0"/>
<pin id="155" dir="1" index="1" bw="64" slack="0"/>
</pin_list>
<bind>
<opcode="zext(34) " fcode="zext"/>
<opset="a_cast/3 "/>
</bind>
</comp>

<comp id="158" class="1004" name="exitcond3_fu_158">
<pin_list>
<pin id="159" dir="0" index="0" bw="64" slack="0"/>
<pin id="160" dir="0" index="1" bw="64" slack="1"/>
<pin id="161" dir="1" index="2" bw="1" slack="2147483647"/>
</pin_list>
<bind>
<opcode="icmp(45) " fcode="icmp"/>
<opset="exitcond3/3 "/>
</bind>
</comp>

<comp id="163" class="1004" name="a10_fu_163">
<pin_list>
<pin id="164" dir="0" index="0" bw="4" slack="0"/>
<pin id="165" dir="0" index="1" bw="1" slack="0"/>
<pin id="166" dir="1" index="2" bw="4" slack="0"/>
</pin_list>
<bind>
<opcode="add(8) " fcode="add"/>
<opset="a10/3 "/>
</bind>
</comp>

<comp id="169" class="1004" name="tmp_39_fu_169">
<pin_list>
<pin id="170" dir="0" index="0" bw="64" slack="2"/>
<pin id="171" dir="1" index="1" bw="5" slack="1"/>
</pin_list>
<bind>
<opcode="trunc(33) " fcode="trunc"/>
<opset="tmp_39/3 "/>
</bind>
</comp>

<comp id="172" class="1004" name="tmp_40_fu_172">
<pin_list>
<pin id="173" dir="0" index="0" bw="64" slack="1"/>
<pin id="174" dir="1" index="1" bw="10" slack="1"/>
</pin_list>
<bind>
<opcode="trunc(33) " fcode="trunc"/>
<opset="tmp_40/3 "/>
</bind>
</comp>

<comp id="175" class="1004" name="tmp_41_fu_175">
<pin_list>
<pin id="176" dir="0" index="0" bw="64" slack="2"/>
<pin id="177" dir="1" index="1" bw="10" slack="2"/>
</pin_list>
<bind>
<opcode="trunc(33) " fcode="trunc"/>
<opset="tmp_41/3 "/>
</bind>
</comp>

<comp id="178" class="1004" name="tmp_42_fu_178">
<pin_list>
<pin id="179" dir="0" index="0" bw="64" slack="1"/>
<pin id="180" dir="1" index="1" bw="10" slack="2"/>
</pin_list>
<bind>
<opcode="trunc(33) " fcode="trunc"/>
<opset="tmp_42/3 "/>
</bind>
</comp>

<comp id="181" class="1004" name="tmp_43_fu_181">
<pin_list>
<pin id="182" dir="0" index="0" bw="64" slack="0"/>
<pin id="183" dir="1" index="1" bw="10" slack="0"/>
</pin_list>
<bind>
<opcode="trunc(33) " fcode="trunc"/>
<opset="tmp_43/4 "/>
</bind>
</comp>

<comp id="185" class="1004" name="tmp_44_fu_185">
<pin_list>
<pin id="186" dir="0" index="0" bw="64" slack="0"/>
<pin id="187" dir="1" index="1" bw="5" slack="0"/>
</pin_list>
<bind>
<opcode="trunc(33) " fcode="trunc"/>
<opset="tmp_44/4 "/>
</bind>
</comp>

<comp id="189" class="1004" name="exitcond2_fu_189">
<pin_list>
<pin id="190" dir="0" index="0" bw="64" slack="0"/>
<pin id="191" dir="0" index="1" bw="64" slack="3"/>
<pin id="192" dir="1" index="2" bw="1" slack="2147483647"/>
</pin_list>
<bind>
<opcode="icmp(45) " fcode="icmp"/>
<opset="exitcond2/4 "/>
</bind>
</comp>

<comp id="194" class="1004" name="i_4_fu_194">
<pin_list>
<pin id="195" dir="0" index="0" bw="1" slack="0"/>
<pin id="196" dir="0" index="1" bw="64" slack="0"/>
<pin id="197" dir="1" index="2" bw="64" slack="0"/>
</pin_list>
<bind>
<opcode="add(8) " fcode="add"/>
<opset="i_4/4 "/>
</bind>
</comp>

<comp id="200" class="1004" name="outrowidx_fu_200">
<pin_list>
<pin id="201" dir="0" index="0" bw="5" slack="0"/>
<pin id="202" dir="0" index="1" bw="5" slack="1"/>
<pin id="203" dir="1" index="2" bw="5" slack="2"/>
</pin_list>
<bind>
<opcode="mul(12) " fcode="mul"/>
<opset="outrowidx/4 "/>
</bind>
</comp>

<comp id="205" class="1004" name="tmp_45_fu_205">
<pin_list>
<pin id="206" dir="0" index="0" bw="64" slack="0"/>
<pin id="207" dir="1" index="1" bw="10" slack="0"/>
</pin_list>
<bind>
<opcode="trunc(33) " fcode="trunc"/>
<opset="tmp_45/5 "/>
</bind>
</comp>

<comp id="209" class="1004" name="exitcond1_fu_209">
<pin_list>
<pin id="210" dir="0" index="0" bw="64" slack="0"/>
<pin id="211" dir="0" index="1" bw="64" slack="3"/>
<pin id="212" dir="1" index="2" bw="1" slack="2147483647"/>
</pin_list>
<bind>
<opcode="icmp(45) " fcode="icmp"/>
<opset="exitcond1/5 "/>
</bind>
</comp>

<comp id="214" class="1004" name="k_2_fu_214">
<pin_list>
<pin id="215" dir="0" index="0" bw="1" slack="0"/>
<pin id="216" dir="0" index="1" bw="64" slack="0"/>
<pin id="217" dir="1" index="2" bw="64" slack="0"/>
</pin_list>
<bind>
<opcode="add(8) " fcode="add"/>
<opset="k_2/5 "/>
</bind>
</comp>

<comp id="220" class="1004" name="sum_fu_220">
<pin_list>
<pin id="221" dir="0" index="0" bw="10" slack="0"/>
<pin id="222" dir="0" index="1" bw="10" slack="1"/>
<pin id="223" dir="1" index="2" bw="10" slack="0"/>
</pin_list>
<bind>
<opcode="add(8) " fcode="add"/>
<opset="sum/5 "/>
</bind>
</comp>

<comp id="225" class="1004" name="sum_cast_fu_225">
<pin_list>
<pin id="226" dir="0" index="0" bw="10" slack="0"/>
<pin id="227" dir="1" index="1" bw="64" slack="0"/>
</pin_list>
<bind>
<opcode="zext(34) " fcode="zext"/>
<opset="sum_cast/5 "/>
</bind>
</comp>

<comp id="230" class="1004" name="tmp_46_fu_230">
<pin_list>
<pin id="231" dir="0" index="0" bw="64" slack="0"/>
<pin id="232" dir="1" index="1" bw="5" slack="0"/>
</pin_list>
<bind>
<opcode="trunc(33) " fcode="trunc"/>
<opset="tmp_46/6 "/>
</bind>
</comp>

<comp id="234" class="1004" name="tmp_47_fu_234">
<pin_list>
<pin id="235" dir="0" index="0" bw="64" slack="0"/>
<pin id="236" dir="1" index="1" bw="10" slack="0"/>
</pin_list>
<bind>
<opcode="trunc(33) " fcode="trunc"/>
<opset="tmp_47/6 "/>
</bind>
</comp>

<comp id="238" class="1004" name="exitcond_fu_238">
<pin_list>
<pin id="239" dir="0" index="0" bw="64" slack="0"/>
<pin id="240" dir="0" index="1" bw="64" slack="5"/>
<pin id="241" dir="1" index="2" bw="1" slack="2147483647"/>
</pin_list>
<bind>
<opcode="icmp(45) " fcode="icmp"/>
<opset="exitcond/6 "/>
</bind>
</comp>

<comp id="243" class="1004" name="j_2_fu_243">
<pin_list>
<pin id="244" dir="0" index="0" bw="1" slack="0"/>
<pin id="245" dir="0" index="1" bw="64" slack="0"/>
<pin id="246" dir="1" index="2" bw="64" slack="0"/>
</pin_list>
<bind>
<opcode="add(8) " fcode="add"/>
<opset="j_2/6 "/>
</bind>
</comp>

<comp id="249" class="1004" name="sum3_fu_249">
<pin_list>
<pin id="250" dir="0" index="0" bw="10" slack="1"/>
<pin id="251" dir="0" index="1" bw="10" slack="0"/>
<pin id="252" dir="1" index="2" bw="10" slack="0"/>
</pin_list>
<bind>
<opcode="add(8) " fcode="add"/>
<opset="sum3/6 "/>
</bind>
</comp>

<comp id="254" class="1004" name="sum3_cast_fu_254">
<pin_list>
<pin id="255" dir="0" index="0" bw="10" slack="0"/>
<pin id="256" dir="1" index="1" bw="64" slack="0"/>
</pin_list>
<bind>
<opcode="zext(34) " fcode="zext"/>
<opset="sum3_cast/6 "/>
</bind>
</comp>

<comp id="259" class="1004" name="sum2_fu_259">
<pin_list>
<pin id="260" dir="0" index="0" bw="5" slack="0"/>
<pin id="261" dir="0" index="1" bw="5" slack="2"/>
<pin id="262" dir="1" index="2" bw="5" slack="0"/>
</pin_list>
<bind>
<opcode="add(8) " fcode="add"/>
<opset="sum2/6 "/>
</bind>
</comp>

<comp id="264" class="1004" name="sum2_cast_fu_264">
<pin_list>
<pin id="265" dir="0" index="0" bw="5" slack="0"/>
<pin id="266" dir="1" index="1" bw="64" slack="0"/>
</pin_list>
<bind>
<opcode="zext(34) " fcode="zext"/>
<opset="sum2_cast/6 "/>
</bind>
</comp>

<comp id="269" class="1007" name="inneridx_fu_269">
<pin_list>
<pin id="270" dir="0" index="0" bw="10" slack="0"/>
<pin id="271" dir="0" index="1" bw="10" slack="1"/>
<pin id="272" dir="1" index="2" bw="10" slack="1"/>
</pin_list>
<bind>
<opcode="mul(12) " fcode="mul"/>
<opset="inneridx/4 "/>
</bind>
</comp>

<comp id="274" class="1007" name="grp_fu_274">
<pin_list>
<pin id="275" dir="0" index="0" bw="10" slack="0"/>
<pin id="276" dir="0" index="1" bw="10" slack="2"/>
<pin id="277" dir="0" index="2" bw="10" slack="2147483647"/>
<pin id="278" dir="1" index="3" bw="10" slack="1"/>
</pin_list>
<bind>
<opcode="muladd(1172) " fcode="muladd"/>
<opset="tmp_1/5 tmp1/5 "/>
</bind>
</comp>

<comp id="280" class="1005" name="outcols_read_reg_280">
<pin_list>
<pin id="281" dir="0" index="0" bw="64" slack="1"/>
<pin id="282" dir="1" index="1" bw="64" slack="1"/>
</pin_list>
<bind>
<opset="outcols_read "/>
</bind>
</comp>

<comp id="288" class="1005" name="outrows_read_reg_288">
<pin_list>
<pin id="289" dir="0" index="0" bw="64" slack="1"/>
<pin id="290" dir="1" index="1" bw="64" slack="1"/>
</pin_list>
<bind>
<opset="outrows_read "/>
</bind>
</comp>

<comp id="294" class="1005" name="innerdim_read_reg_294">
<pin_list>
<pin id="295" dir="0" index="0" bw="64" slack="1"/>
<pin id="296" dir="1" index="1" bw="64" slack="1"/>
</pin_list>
<bind>
<opset="innerdim_read "/>
</bind>
</comp>

<comp id="300" class="1005" name="B_offset_read_reg_300">
<pin_list>
<pin id="301" dir="0" index="0" bw="64" slack="1"/>
<pin id="302" dir="1" index="1" bw="64" slack="1"/>
</pin_list>
<bind>
<opset="B_offset_read "/>
</bind>
</comp>

<comp id="305" class="1005" name="tmp_reg_305">
<pin_list>
<pin id="306" dir="0" index="0" bw="64" slack="1"/>
<pin id="307" dir="1" index="1" bw="64" slack="1"/>
</pin_list>
<bind>
<opset="tmp "/>
</bind>
</comp>

<comp id="313" class="1005" name="a10_reg_313">
<pin_list>
<pin id="314" dir="0" index="0" bw="4" slack="0"/>
<pin id="315" dir="1" index="1" bw="4" slack="0"/>
</pin_list>
<bind>
<opset="a10 "/>
</bind>
</comp>

<comp id="318" class="1005" name="tmp_39_reg_318">
<pin_list>
<pin id="319" dir="0" index="0" bw="5" slack="1"/>
<pin id="320" dir="1" index="1" bw="5" slack="1"/>
</pin_list>
<bind>
<opset="tmp_39 "/>
</bind>
</comp>

<comp id="323" class="1005" name="tmp_40_reg_323">
<pin_list>
<pin id="324" dir="0" index="0" bw="10" slack="1"/>
<pin id="325" dir="1" index="1" bw="10" slack="1"/>
</pin_list>
<bind>
<opset="tmp_40 "/>
</bind>
</comp>

<comp id="328" class="1005" name="tmp_41_reg_328">
<pin_list>
<pin id="329" dir="0" index="0" bw="10" slack="2"/>
<pin id="330" dir="1" index="1" bw="10" slack="2"/>
</pin_list>
<bind>
<opset="tmp_41 "/>
</bind>
</comp>

<comp id="333" class="1005" name="tmp_42_reg_333">
<pin_list>
<pin id="334" dir="0" index="0" bw="10" slack="2"/>
<pin id="335" dir="1" index="1" bw="10" slack="2"/>
</pin_list>
<bind>
<opset="tmp_42 "/>
</bind>
</comp>

<comp id="341" class="1005" name="i_4_reg_341">
<pin_list>
<pin id="342" dir="0" index="0" bw="64" slack="0"/>
<pin id="343" dir="1" index="1" bw="64" slack="0"/>
</pin_list>
<bind>
<opset="i_4 "/>
</bind>
</comp>

<comp id="346" class="1005" name="outrowidx_reg_346">
<pin_list>
<pin id="347" dir="0" index="0" bw="5" slack="2"/>
<pin id="348" dir="1" index="1" bw="5" slack="2"/>
</pin_list>
<bind>
<opset="outrowidx "/>
</bind>
</comp>

<comp id="351" class="1005" name="inneridx_reg_351">
<pin_list>
<pin id="352" dir="0" index="0" bw="10" slack="1"/>
<pin id="353" dir="1" index="1" bw="10" slack="1"/>
</pin_list>
<bind>
<opset="inneridx "/>
</bind>
</comp>

<comp id="359" class="1005" name="k_2_reg_359">
<pin_list>
<pin id="360" dir="0" index="0" bw="64" slack="0"/>
<pin id="361" dir="1" index="1" bw="64" slack="0"/>
</pin_list>
<bind>
<opset="k_2 "/>
</bind>
</comp>

<comp id="364" class="1005" name="B_addr_reg_364">
<pin_list>
<pin id="365" dir="0" index="0" bw="9" slack="1"/>
<pin id="366" dir="1" index="1" bw="9" slack="1"/>
</pin_list>
<bind>
<opset="B_addr "/>
</bind>
</comp>

<comp id="369" class="1005" name="tmp1_reg_369">
<pin_list>
<pin id="370" dir="0" index="0" bw="10" slack="1"/>
<pin id="371" dir="1" index="1" bw="10" slack="1"/>
</pin_list>
<bind>
<opset="tmp1 "/>
</bind>
</comp>

<comp id="377" class="1005" name="j_2_reg_377">
<pin_list>
<pin id="378" dir="0" index="0" bw="64" slack="0"/>
<pin id="379" dir="1" index="1" bw="64" slack="0"/>
</pin_list>
<bind>
<opset="j_2 "/>
</bind>
</comp>

<comp id="382" class="1005" name="B_addr_3_reg_382">
<pin_list>
<pin id="383" dir="0" index="0" bw="9" slack="1"/>
<pin id="384" dir="1" index="1" bw="9" slack="1"/>
</pin_list>
<bind>
<opset="B_addr_3 "/>
</bind>
</comp>

<comp id="387" class="1005" name="C_addr_3_reg_387">
<pin_list>
<pin id="388" dir="0" index="0" bw="4" slack="4"/>
<pin id="389" dir="1" index="1" bw="4" slack="4"/>
</pin_list>
<bind>
<opset="C_addr_3 "/>
</bind>
</comp>

<comp id="392" class="1005" name="B_load_3_reg_392">
<pin_list>
<pin id="393" dir="0" index="0" bw="32" slack="1"/>
<pin id="394" dir="1" index="1" bw="32" slack="1"/>
</pin_list>
<bind>
<opset="B_load_3 "/>
</bind>
</comp>

<comp id="397" class="1005" name="B_load_reg_397">
<pin_list>
<pin id="398" dir="0" index="0" bw="32" slack="1"/>
<pin id="399" dir="1" index="1" bw="32" slack="1"/>
</pin_list>
<bind>
<opset="B_load "/>
</bind>
</comp>

<comp id="402" class="1005" name="tmp_3_reg_402">
<pin_list>
<pin id="403" dir="0" index="0" bw="32" slack="1"/>
<pin id="404" dir="1" index="1" bw="32" slack="1"/>
</pin_list>
<bind>
<opset="tmp_3 "/>
</bind>
</comp>

<comp id="407" class="1005" name="C_load_reg_407">
<pin_list>
<pin id="408" dir="0" index="0" bw="32" slack="1"/>
<pin id="409" dir="1" index="1" bw="32" slack="1"/>
</pin_list>
<bind>
<opset="C_load "/>
</bind>
</comp>

</comp_list>

<net_list>
<net id="28"><net_src comp="12" pin="0"/><net_sink comp="24" pin=0"/></net>

<net id="29"><net_src comp="8" pin="0"/><net_sink comp="24" pin=1"/></net>

<net id="34"><net_src comp="12" pin="0"/><net_sink comp="30" pin=0"/></net>

<net id="35"><net_src comp="6" pin="0"/><net_sink comp="30" pin=1"/></net>

<net id="40"><net_src comp="12" pin="0"/><net_sink comp="36" pin=0"/></net>

<net id="41"><net_src comp="10" pin="0"/><net_sink comp="36" pin=1"/></net>

<net id="46"><net_src comp="12" pin="0"/><net_sink comp="42" pin=0"/></net>

<net id="47"><net_src comp="4" pin="0"/><net_sink comp="42" pin=1"/></net>

<net id="53"><net_src comp="0" pin="0"/><net_sink comp="48" pin=0"/></net>

<net id="54"><net_src comp="18" pin="0"/><net_sink comp="48" pin=1"/></net>

<net id="60"><net_src comp="20" pin="0"/><net_sink comp="55" pin=1"/></net>

<net id="61"><net_src comp="48" pin="3"/><net_sink comp="55" pin=0"/></net>

<net id="67"><net_src comp="2" pin="0"/><net_sink comp="62" pin=0"/></net>

<net id="68"><net_src comp="18" pin="0"/><net_sink comp="62" pin=1"/></net>

<net id="79"><net_src comp="2" pin="0"/><net_sink comp="74" pin=0"/></net>

<net id="80"><net_src comp="18" pin="0"/><net_sink comp="74" pin=1"/></net>

<net id="85"><net_src comp="74" pin="3"/><net_sink comp="69" pin=2"/></net>

<net id="91"><net_src comp="0" pin="0"/><net_sink comp="86" pin=0"/></net>

<net id="92"><net_src comp="18" pin="0"/><net_sink comp="86" pin=1"/></net>

<net id="96"><net_src comp="14" pin="0"/><net_sink comp="93" pin=0"/></net>

<net id="103"><net_src comp="93" pin="1"/><net_sink comp="97" pin=0"/></net>

<net id="107"><net_src comp="18" pin="0"/><net_sink comp="104" pin=0"/></net>

<net id="114"><net_src comp="104" pin="1"/><net_sink comp="108" pin=0"/></net>

<net id="118"><net_src comp="18" pin="0"/><net_sink comp="115" pin=0"/></net>

<net id="125"><net_src comp="115" pin="1"/><net_sink comp="119" pin=0"/></net>

<net id="129"><net_src comp="18" pin="0"/><net_sink comp="126" pin=0"/></net>

<net id="136"><net_src comp="126" pin="1"/><net_sink comp="130" pin=2"/></net>

<net id="141"><net_src comp="137" pin="2"/><net_sink comp="55" pin=1"/></net>

<net id="142"><net_src comp="55" pin="3"/><net_sink comp="137" pin=0"/></net>

<net id="151"><net_src comp="24" pin="2"/><net_sink comp="147" pin=0"/></net>

<net id="152"><net_src comp="30" pin="2"/><net_sink comp="147" pin=1"/></net>

<net id="156"><net_src comp="97" pin="4"/><net_sink comp="153" pin=0"/></net>

<net id="157"><net_src comp="153" pin="1"/><net_sink comp="48" pin=2"/></net>

<net id="162"><net_src comp="153" pin="1"/><net_sink comp="158" pin=0"/></net>

<net id="167"><net_src comp="97" pin="4"/><net_sink comp="163" pin=0"/></net>

<net id="168"><net_src comp="16" pin="0"/><net_sink comp="163" pin=1"/></net>

<net id="184"><net_src comp="108" pin="4"/><net_sink comp="181" pin=0"/></net>

<net id="188"><net_src comp="108" pin="4"/><net_sink comp="185" pin=0"/></net>

<net id="193"><net_src comp="108" pin="4"/><net_sink comp="189" pin=0"/></net>

<net id="198"><net_src comp="22" pin="0"/><net_sink comp="194" pin=0"/></net>

<net id="199"><net_src comp="108" pin="4"/><net_sink comp="194" pin=1"/></net>

<net id="204"><net_src comp="185" pin="1"/><net_sink comp="200" pin=0"/></net>

<net id="208"><net_src comp="119" pin="4"/><net_sink comp="205" pin=0"/></net>

<net id="213"><net_src comp="119" pin="4"/><net_sink comp="209" pin=0"/></net>

<net id="218"><net_src comp="22" pin="0"/><net_sink comp="214" pin=0"/></net>

<net id="219"><net_src comp="119" pin="4"/><net_sink comp="214" pin=1"/></net>

<net id="224"><net_src comp="205" pin="1"/><net_sink comp="220" pin=0"/></net>

<net id="228"><net_src comp="220" pin="2"/><net_sink comp="225" pin=0"/></net>

<net id="229"><net_src comp="225" pin="1"/><net_sink comp="62" pin=2"/></net>

<net id="233"><net_src comp="130" pin="4"/><net_sink comp="230" pin=0"/></net>

<net id="237"><net_src comp="130" pin="4"/><net_sink comp="234" pin=0"/></net>

<net id="242"><net_src comp="130" pin="4"/><net_sink comp="238" pin=0"/></net>

<net id="247"><net_src comp="22" pin="0"/><net_sink comp="243" pin=0"/></net>

<net id="248"><net_src comp="130" pin="4"/><net_sink comp="243" pin=1"/></net>

<net id="253"><net_src comp="234" pin="1"/><net_sink comp="249" pin=1"/></net>

<net id="257"><net_src comp="249" pin="2"/><net_sink comp="254" pin=0"/></net>

<net id="258"><net_src comp="254" pin="1"/><net_sink comp="74" pin=2"/></net>

<net id="263"><net_src comp="230" pin="1"/><net_sink comp="259" pin=0"/></net>

<net id="267"><net_src comp="259" pin="2"/><net_sink comp="264" pin=0"/></net>

<net id="268"><net_src comp="264" pin="1"/><net_sink comp="86" pin=2"/></net>

<net id="273"><net_src comp="181" pin="1"/><net_sink comp="269" pin=0"/></net>

<net id="279"><net_src comp="205" pin="1"/><net_sink comp="274" pin=0"/></net>

<net id="283"><net_src comp="24" pin="2"/><net_sink comp="280" pin=0"/></net>

<net id="284"><net_src comp="280" pin="1"/><net_sink comp="147" pin=0"/></net>

<net id="285"><net_src comp="280" pin="1"/><net_sink comp="169" pin=0"/></net>

<net id="286"><net_src comp="280" pin="1"/><net_sink comp="175" pin=0"/></net>

<net id="287"><net_src comp="280" pin="1"/><net_sink comp="238" pin=1"/></net>

<net id="291"><net_src comp="30" pin="2"/><net_sink comp="288" pin=0"/></net>

<net id="292"><net_src comp="288" pin="1"/><net_sink comp="147" pin=1"/></net>

<net id="293"><net_src comp="288" pin="1"/><net_sink comp="189" pin=1"/></net>

<net id="297"><net_src comp="36" pin="2"/><net_sink comp="294" pin=0"/></net>

<net id="298"><net_src comp="294" pin="1"/><net_sink comp="172" pin=0"/></net>

<net id="299"><net_src comp="294" pin="1"/><net_sink comp="209" pin=1"/></net>

<net id="303"><net_src comp="42" pin="2"/><net_sink comp="300" pin=0"/></net>

<net id="304"><net_src comp="300" pin="1"/><net_sink comp="178" pin=0"/></net>

<net id="308"><net_src comp="147" pin="2"/><net_sink comp="305" pin=0"/></net>

<net id="309"><net_src comp="305" pin="1"/><net_sink comp="158" pin=1"/></net>

<net id="316"><net_src comp="163" pin="2"/><net_sink comp="313" pin=0"/></net>

<net id="317"><net_src comp="313" pin="1"/><net_sink comp="97" pin=2"/></net>

<net id="321"><net_src comp="169" pin="1"/><net_sink comp="318" pin=0"/></net>

<net id="322"><net_src comp="318" pin="1"/><net_sink comp="200" pin=1"/></net>

<net id="326"><net_src comp="172" pin="1"/><net_sink comp="323" pin=0"/></net>

<net id="327"><net_src comp="323" pin="1"/><net_sink comp="269" pin=1"/></net>

<net id="331"><net_src comp="175" pin="1"/><net_sink comp="328" pin=0"/></net>

<net id="332"><net_src comp="328" pin="1"/><net_sink comp="274" pin=1"/></net>

<net id="336"><net_src comp="178" pin="1"/><net_sink comp="333" pin=0"/></net>

<net id="337"><net_src comp="333" pin="1"/><net_sink comp="274" pin=1"/></net>

<net id="344"><net_src comp="194" pin="2"/><net_sink comp="341" pin=0"/></net>

<net id="345"><net_src comp="341" pin="1"/><net_sink comp="108" pin=2"/></net>

<net id="349"><net_src comp="200" pin="2"/><net_sink comp="346" pin=0"/></net>

<net id="350"><net_src comp="346" pin="1"/><net_sink comp="259" pin=1"/></net>

<net id="354"><net_src comp="269" pin="2"/><net_sink comp="351" pin=0"/></net>

<net id="355"><net_src comp="351" pin="1"/><net_sink comp="220" pin=1"/></net>

<net id="362"><net_src comp="214" pin="2"/><net_sink comp="359" pin=0"/></net>

<net id="363"><net_src comp="359" pin="1"/><net_sink comp="119" pin=2"/></net>

<net id="367"><net_src comp="62" pin="3"/><net_sink comp="364" pin=0"/></net>

<net id="368"><net_src comp="364" pin="1"/><net_sink comp="69" pin=0"/></net>

<net id="372"><net_src comp="274" pin="3"/><net_sink comp="369" pin=0"/></net>

<net id="373"><net_src comp="369" pin="1"/><net_sink comp="249" pin=0"/></net>

<net id="380"><net_src comp="243" pin="2"/><net_sink comp="377" pin=0"/></net>

<net id="381"><net_src comp="377" pin="1"/><net_sink comp="130" pin=0"/></net>

<net id="385"><net_src comp="74" pin="3"/><net_sink comp="382" pin=0"/></net>

<net id="386"><net_src comp="382" pin="1"/><net_sink comp="69" pin=2"/></net>

<net id="390"><net_src comp="86" pin="3"/><net_sink comp="387" pin=0"/></net>

<net id="391"><net_src comp="387" pin="1"/><net_sink comp="55" pin=0"/></net>

<net id="395"><net_src comp="69" pin="3"/><net_sink comp="392" pin=0"/></net>

<net id="396"><net_src comp="392" pin="1"/><net_sink comp="143" pin=0"/></net>

<net id="400"><net_src comp="69" pin="7"/><net_sink comp="397" pin=0"/></net>

<net id="401"><net_src comp="397" pin="1"/><net_sink comp="143" pin=1"/></net>

<net id="405"><net_src comp="143" pin="2"/><net_sink comp="402" pin=0"/></net>

<net id="406"><net_src comp="402" pin="1"/><net_sink comp="137" pin=1"/></net>

<net id="410"><net_src comp="55" pin="3"/><net_sink comp="407" pin=0"/></net>

<net id="411"><net_src comp="407" pin="1"/><net_sink comp="137" pin=0"/></net>

</net_list>

</model> 
---------------- Datapath Model END ------------------

* FSMD analyzer results:
  - Output states:
	Port: C | {3 15 }
	Port: A | {}
 - Input state : 
	Port: k2c_matmul.1 : C | {10 11 }
	Port: k2c_matmul.1 : A | {6 7 }
	Port: k2c_matmul.1 : B_offset | {2 }
	Port: k2c_matmul.1 : outrows | {1 }
	Port: k2c_matmul.1 : outcols | {1 }
	Port: k2c_matmul.1 : innerdim | {2 }
  - Chain level:
	State 1
	State 2
	State 3
		a_cast : 1
		exitcond3 : 2
		a10 : 1
		StgValue_27 : 3
		C_addr : 2
		StgValue_29 : 3
	State 4
		tmp_43 : 1
		tmp_44 : 1
		exitcond2 : 1
		i_4 : 1
		StgValue_41 : 2
		outrowidx : 2
		inneridx : 2
	State 5
		tmp_45 : 1
		exitcond1 : 1
		k_2 : 1
		StgValue_50 : 2
		sum : 2
		sum_cast : 3
		B_addr : 4
		tmp_1 : 2
		tmp1 : 3
	State 6
		tmp_46 : 1
		tmp_47 : 1
		exitcond : 1
		j_2 : 1
		StgValue_63 : 2
		sum3 : 2
		sum3_cast : 3
		B_addr_3 : 4
		B_load : 5
		sum2 : 2
		sum2_cast : 3
		C_addr_3 : 4
	State 7
	State 8
	State 9
	State 10
	State 11
		tmp_5 : 1
	State 12
	State 13
	State 14
	State 15
		StgValue_85 : 1


============================================================
+ Verbose Summary: Datapath Resource usage 
============================================================

* Functional unit list:
|----------|--------------------------|---------|---------|---------|
| Operation|      Functional Unit     |  DSP48E |    FF   |   LUT   |
|----------|--------------------------|---------|---------|---------|
|          |        grp_fu_147        |    16   |   361   |   195   |
|    mul   |     outrowidx_fu_200     |    0    |    0    |    17   |
|          |      inneridx_fu_269     |    1    |    0    |    0    |
|----------|--------------------------|---------|---------|---------|
|   fadd   |        grp_fu_137        |    2    |   205   |   203   |
|----------|--------------------------|---------|---------|---------|
|          |        a10_fu_163        |    0    |    0    |    13   |
|          |        i_4_fu_194        |    0    |    0    |    71   |
|          |        k_2_fu_214        |    0    |    0    |    71   |
|    add   |        sum_fu_220        |    0    |    0    |    17   |
|          |        j_2_fu_243        |    0    |    0    |    71   |
|          |        sum3_fu_249       |    0    |    0    |    17   |
|          |        sum2_fu_259       |    0    |    0    |    15   |
|----------|--------------------------|---------|---------|---------|
|   fmul   |        grp_fu_143        |    3    |   128   |   129   |
|----------|--------------------------|---------|---------|---------|
|          |     exitcond3_fu_158     |    0    |    0    |    29   |
|   icmp   |     exitcond2_fu_189     |    0    |    0    |    29   |
|          |     exitcond1_fu_209     |    0    |    0    |    29   |
|          |      exitcond_fu_238     |    0    |    0    |    29   |
|----------|--------------------------|---------|---------|---------|
|  muladd  |        grp_fu_274        |    1    |    0    |    0    |
|----------|--------------------------|---------|---------|---------|
|          |  outcols_read_read_fu_24 |    0    |    0    |    0    |
|   read   |  outrows_read_read_fu_30 |    0    |    0    |    0    |
|          | innerdim_read_read_fu_36 |    0    |    0    |    0    |
|          | B_offset_read_read_fu_42 |    0    |    0    |    0    |
|----------|--------------------------|---------|---------|---------|
|          |       a_cast_fu_153      |    0    |    0    |    0    |
|   zext   |      sum_cast_fu_225     |    0    |    0    |    0    |
|          |     sum3_cast_fu_254     |    0    |    0    |    0    |
|          |     sum2_cast_fu_264     |    0    |    0    |    0    |
|----------|--------------------------|---------|---------|---------|
|          |       tmp_39_fu_169      |    0    |    0    |    0    |
|          |       tmp_40_fu_172      |    0    |    0    |    0    |
|          |       tmp_41_fu_175      |    0    |    0    |    0    |
|          |       tmp_42_fu_178      |    0    |    0    |    0    |
|   trunc  |       tmp_43_fu_181      |    0    |    0    |    0    |
|          |       tmp_44_fu_185      |    0    |    0    |    0    |
|          |       tmp_45_fu_205      |    0    |    0    |    0    |
|          |       tmp_46_fu_230      |    0    |    0    |    0    |
|          |       tmp_47_fu_234      |    0    |    0    |    0    |
|----------|--------------------------|---------|---------|---------|
|   Total  |                          |    23   |   694   |   935   |
|----------|--------------------------|---------|---------|---------|

Memories:
N/A

* Register list:
+---------------------+--------+
|                     |   FF   |
+---------------------+--------+
|   B_addr_3_reg_382  |    9   |
|    B_addr_reg_364   |    9   |
|   B_load_3_reg_392  |   32   |
|    B_load_reg_397   |   32   |
|B_offset_read_reg_300|   64   |
|   C_addr_3_reg_387  |    4   |
|    C_load_reg_407   |   32   |
|     a10_reg_313     |    4   |
|       a_reg_93      |    4   |
|     i_4_reg_341     |   64   |
|      i_reg_104      |   64   |
|innerdim_read_reg_294|   64   |
|   inneridx_reg_351  |   10   |
|     j_2_reg_377     |   64   |
|      j_reg_126      |   64   |
|     k_2_reg_359     |   64   |
|      k_reg_115      |   64   |
| outcols_read_reg_280|   64   |
|  outrowidx_reg_346  |    5   |
| outrows_read_reg_288|   64   |
|     tmp1_reg_369    |   10   |
|    tmp_39_reg_318   |    5   |
|    tmp_3_reg_402    |   32   |
|    tmp_40_reg_323   |   10   |
|    tmp_41_reg_328   |   10   |
|    tmp_42_reg_333   |   10   |
|     tmp_reg_305     |   64   |
+---------------------+--------+
|        Total        |   922  |
+---------------------+--------+

* Multiplexer (MUX) list: 
|------------------|------|------|------|--------||---------||---------|
|       Comp       |  Pin | Size |  BW  | S x BW ||  Delay  ||   LUT   |
|------------------|------|------|------|--------||---------||---------|
| grp_access_fu_55 |  p0  |   2  |   4  |    8   ||    9    |
| grp_access_fu_55 |  p1  |   2  |  32  |   64   ||    9    |
| grp_access_fu_69 |  p2  |   2  |   0  |    0   ||    9    |
|    grp_fu_137    |  p0  |   2  |  32  |   64   ||    9    |
|    grp_fu_147    |  p0  |   2  |  64  |   128  ||    9    |
|    grp_fu_147    |  p1  |   2  |  64  |   128  ||    9    |
|    grp_fu_274    |  p1  |   2  |  10  |   20   ||    9    |
|------------------|------|------|------|--------||---------||---------|
|       Total      |      |      |      |   412  ||   9.45  ||    63   |
|------------------|------|------|------|--------||---------||---------|



* Summary:
+-----------+--------+--------+--------+--------+
|           | DSP48E |  Delay |   FF   |   LUT  |
+-----------+--------+--------+--------+--------+
|  Function |   23   |    -   |   694  |   935  |
|   Memory  |    -   |    -   |    -   |    -   |
|Multiplexer|    -   |    9   |    -   |   63   |
|  Register |    -   |    -   |   922  |    -   |
+-----------+--------+--------+--------+--------+
|   Total   |   23   |    9   |  1616  |   998  |
+-----------+--------+--------+--------+--------+
